// Jest Snapshot v1, https://goo.gl/fbAQLP

exports[`Content renders properly when empty 1`] = `
ShallowWrapper {
  Symbol(enzyme.__root__): [Circular],
  Symbol(enzyme.__unrendered__): <Content />,
  Symbol(enzyme.__renderer__): Object {
    "batchedUpdates": [Function],
    "checkPropTypes": [Function],
    "getNode": [Function],
    "render": [Function],
    "simulateError": [Function],
    "simulateEvent": [Function],
    "unmount": [Function],
  },
  Symbol(enzyme.__node__): Object {
    "instance": null,
    "key": undefined,
    "nodeType": "host",
    "props": Object {
      "children": <div
        className="user-content margin-6225"
      >
        <div
          className="lds-ring"
        >
          <div />
          <div />
          <div />
          <div />
        </div>
      </div>,
      "className": "content",
    },
    "ref": null,
    "rendered": Object {
      "instance": null,
      "key": undefined,
      "nodeType": "host",
      "props": Object {
        "children": <div
          className="lds-ring"
        >
          <div />
          <div />
          <div />
          <div />
        </div>,
        "className": "user-content margin-6225",
      },
      "ref": null,
      "rendered": Object {
        "instance": null,
        "key": undefined,
        "nodeType": "host",
        "props": Object {
          "children": Array [
            <div />,
            <div />,
            <div />,
            <div />,
          ],
          "className": "lds-ring",
        },
        "ref": null,
        "rendered": Array [
          Object {
            "instance": null,
            "key": undefined,
            "nodeType": "host",
            "props": Object {},
            "ref": null,
            "rendered": null,
            "type": "div",
          },
          Object {
            "instance": null,
            "key": undefined,
            "nodeType": "host",
            "props": Object {},
            "ref": null,
            "rendered": null,
            "type": "div",
          },
          Object {
            "instance": null,
            "key": undefined,
            "nodeType": "host",
            "props": Object {},
            "ref": null,
            "rendered": null,
            "type": "div",
          },
          Object {
            "instance": null,
            "key": undefined,
            "nodeType": "host",
            "props": Object {},
            "ref": null,
            "rendered": null,
            "type": "div",
          },
        ],
        "type": "div",
      },
      "type": "div",
    },
    "type": "div",
  },
  Symbol(enzyme.__nodes__): Array [
    Object {
      "instance": null,
      "key": undefined,
      "nodeType": "host",
      "props": Object {
        "children": <div
          className="user-content margin-6225"
        >
          <div
            className="lds-ring"
          >
            <div />
            <div />
            <div />
            <div />
          </div>
        </div>,
        "className": "content",
      },
      "ref": null,
      "rendered": Object {
        "instance": null,
        "key": undefined,
        "nodeType": "host",
        "props": Object {
          "children": <div
            className="lds-ring"
          >
            <div />
            <div />
            <div />
            <div />
          </div>,
          "className": "user-content margin-6225",
        },
        "ref": null,
        "rendered": Object {
          "instance": null,
          "key": undefined,
          "nodeType": "host",
          "props": Object {
            "children": Array [
              <div />,
              <div />,
              <div />,
              <div />,
            ],
            "className": "lds-ring",
          },
          "ref": null,
          "rendered": Array [
            Object {
              "instance": null,
              "key": undefined,
              "nodeType": "host",
              "props": Object {},
              "ref": null,
              "rendered": null,
              "type": "div",
            },
            Object {
              "instance": null,
              "key": undefined,
              "nodeType": "host",
              "props": Object {},
              "ref": null,
              "rendered": null,
              "type": "div",
            },
            Object {
              "instance": null,
              "key": undefined,
              "nodeType": "host",
              "props": Object {},
              "ref": null,
              "rendered": null,
              "type": "div",
            },
            Object {
              "instance": null,
              "key": undefined,
              "nodeType": "host",
              "props": Object {},
              "ref": null,
              "rendered": null,
              "type": "div",
            },
          ],
          "type": "div",
        },
        "type": "div",
      },
      "type": "div",
    },
  ],
  Symbol(enzyme.__options__): Object {
    "adapter": ReactSixteenAdapter {
      "options": Object {
        "enableComponentDidUpdateOnSetState": true,
        "legacyContextMode": "parent",
        "lifecycles": Object {
          "componentDidUpdate": Object {
            "onSetState": true,
          },
          "getChildContext": Object {
            "calledByRenderer": false,
          },
          "getDerivedStateFromProps": true,
          "getSnapshotBeforeUpdate": true,
          "setState": Object {
            "skipsComponentDidUpdateOnNullish": true,
          },
        },
      },
    },
  },
}
`;

exports[`content renders properly with data 1`] = `
ShallowWrapper {
  Symbol(enzyme.__root__): [Circular],
  Symbol(enzyme.__unrendered__): <Content
    data={
      Object {
        "CYMX": Object {
          "fir": Array [
            Object {
              "notam": "CZUL AMEND PUB: COPUR (5942N 06700W) MNM RECEPTION ALT TO READ
23,000 FT",
              "title": "150173 CZUL MONTREAL FIR",
            },
            Object {
              "notam": "CZUL AMEND PUB: NEW WIND FARM RADIUS 5.45 NM
CENTRE 480801N 685244W (APRX 26 NM SW RIMOUSKI AD)
574 FT AGL 2102 MSL LGTD AND NOT PAINTED",
              "title": "170651 CZUL MONTREAL FIR",
            },
            Object {
              "notam": "CZUL AMEND PUB: NEW TOWER 491503N 653204W
(APRX 40 NM E STE-ANNE-DES-MONTS) 305 FT AGL 850 MSL,
LGTD AND PAINTED",
              "title": "181211 CZUL MONTREAL FIR",
            },
            Object {
              "notam": "CZUL ALL ACFT OPERATING IN THE CIVILIAN TRAINING AREA
482807N 710859W-482355N 711348W-482510N 713033W-483002N 712400W
482807N 710859W (CENTRE APRX 15 NM NW CYBG) 1200 AGL TO 4000 FT
MSL SHALL BROADCAST POSITION AND INTENTIONS ON
FREQ 123.4 INSTEAD OF 121.2
1811282057 TIL 1902282359",
              "title": "182724 CZUL MONTREAL FIR",
            },
            Object {
              "notam": "CZUL V360 FM YWK VOR TO UAC NDB MEA TO READ 9500 FT MSL INSTEAD
OF 8500 FT MSL 1811292347 TIL 1902282300",
              "title": "182733 CZUL MONTREAL FIR",
            },
            Object {
              "notam": "CZUL J583 BTN YWK AND YDP NOT SUITABLE FOR VOR NAV 1812031940 TIL
   APRX 1903031940",
              "title": "182750 CZUL MONTREAL FIR",
            },
            Object {
              "notam": "CZUL J563 BTN YBC AND UAC NOT SUITABLE FOR VOR NAV 1812031940 TIL
   APRX 1903031940",
              "title": "182751 CZUL MONTREAL FIR",
            },
            Object {
              "notam": "CZUL V372 BTN YVO AND TAGET NOT SUITABLE FOR VOR NAV 1812031940
   TIL APRX 1903031940",
              "title": "182752 CZUL MONTREAL FIR",
            },
            Object {
              "notam": "CZUL J479 BTN YVP AND YFM NOT SUITABLE FOR VOR NAV 1812031940 TIL
   APRX 1903031940",
              "title": "182753 CZUL MONTREAL FIR",
            },
            Object {
              "notam": "CZUL V300 BTN YOW AND VIE NOT SUITABLE FOR VOR NAV 1812031945 TIL
   APRX 1903031945",
              "title": "182754 CZUL MONTREAL FIR",
            },
            Object {
              "notam": "CZUL V316-V360 BTN YBC AND YZV NOT SUITABLE FOR VOR NAV
1812031945 TIL APRX 1903031945",
              "title": "182755 CZUL MONTREAL FIR",
            },
            Object {
              "notam": "CZUL J553 BTN YMX AND PN NOT SUITABLE FOR VOR NAV 1812031945 TIL
   APRX 1903031945",
              "title": "182756 CZUL MONTREAL FIR",
            },
            Object {
              "notam": "CZUL LGT OBST U/S TOWER 521130N 760428W (APRX 30 NM NNE CYHH AD)
476 FT AGL 2203 MSL 1812062130 TIL 1902251700",
              "title": "182768 CZUL MONTREAL FIR",
            },
            Object {
              "notam": "CZUL GR7: BTN YZG AND YKG: MEA TO READ: 4000 1812121945 TIL APRX
   1903081800",
              "title": "182793 CZUL MONTREAL FIR",
            },
            Object {
              "notam": "CZUL J553 BTN DICEN AND ML NOT SUITABLE FOR VOR NAVIGATION
1812211935 TIL APRX 1903211900",
              "title": "182805 CZUL MONTREAL FIR",
            },
            Object {
              "notam": "CZUL V314 BTN YQB AND YLQ NOT SUITABLE FOR VOR NAV 1901031430 TIL
   APRX 1904031500",
              "title": "190005 CZUL MONTREAL FIR",
            },
            Object {
              "notam": "CZUL PURSUANT TO SECTION 5.1 OF THE AERONAUTICS ACT, THE AIRSPACE
WITHIN RADIUS 0.25 NM CENTRE 482748N 682955W (RIMOUSKI PRISON,
APRX 1 NM SSW CYXK AD) SFC TO 500 FT MSL, IS RESTRICTED. NO
PERSON SHALL OPR AN ACFT, INCLUDING AN UNMANNED AIR VEHICLE
(UAV-DRONE) AND MODEL ACFT, WITHIN THE AREA DESCRIBED UNLESS AUTH
BY THE SECURITY DIRECTOR, CORRECTIONAL SVC AT 514-864-8010
EXTENSION 50502 EXC IFR ACFT AUTH BY ATC, MEDEVAC AND STATE ACFT.
1901031500 TIL APRX 1904092000",
              "title": "190006 CZUL MONTREAL FIR",
            },
            Object {
              "notam": "CZUL V3 BTN YQB AND LABRE NOT SUITABLE FOR VOR NAV 1901031500 TIL
   APRX 1904031500",
              "title": "190007 CZUL MONTREAL FIR",
            },
            Object {
              "notam": "CZUL PURSUANT TO SECTION 5.1 OF THE AERONAUTICS ACT,
THE AIRSPACE WITHIN RADIUS 0.75 NM CENTRE 491312N 680859W
(BAIE-COMEAU PRISON, APRX 6 NM NE CYBC AD) SFC TO 1100 FT MSL, IS
RESTRICTED. NO PERSON SHALL OPR AN ACFT, INCLUDING AN UNMANNED
AIR VEHICLE (UAV-DRONE) AND MODEL ACFT, WITHIN THE AREA
DESCRIBED UNLESS AUTH BY THE SECURITY DIRECTOR, CORRECTIONAL SVC
AT 514-864-8010 EXTENSION 50502 EXC IFR ACFT AUTH BY ATC, MEDEVAC
AND STATE ACFT.
1901031515 TIL APRX 1904092000",
              "title": "190008 CZUL MONTREAL FIR",
            },
            Object {
              "notam": "CZUL PURSUANT TO SECTION 5.1 OF THE AERONAUTICS ACT, THE AIRSPACE
WITHIN RADIUS 1 NM CENTRE 460149N 730440W (NEW SOREL PRISON, APRX
3 NM NNW SOREL AD), SFC TO 1000 FT MSL, IS RESTRICTED. NO
PERSON SHALL OPR AN ACFT INCLUDING AN UNMANNED AIR
VEHICLE(UAV-DRONE) AND MODEL ACFT, WITHIN THE AREA DESCRIBED
UNLESS AUTH BY THE SECURITY DIRECTOR, CORRECTIONAL SVC AT
514-864-8010 EXT 50502, EXC IFR ACFT AUTH BY ATC, MEDEVAC AND
STATE ACFT.
1901031515 TIL APRX 1904092000",
              "title": "190009 CZUL MONTREAL FIR",
            },
            Object {
              "notam": "CZUL PURSUANT TO SECTION 5.1 OF THE AERONAUTICS ACT,
THE AIRSPACE WITHIN RADIUS 1 NM CENTRE 453937N 733211W
(RIVIERE-DES-PRAIRIES PRISON, APRX 2 NM NE MONTREAL EAST(AIM)
(HELI) AD), EXC THE PORTION OVER THE RIVER, SFC TO 1100 FT MSL,
IS RESTRICTED. NO PERSON SHALL OPR AN ACFT, INCLUDING AN UNMANNED
AIR VEHICLE (UAV-DRONE) AND MODEL ACFT, WITHIN THE AREA DESCRIBED
UNLESS AUTH BY THE SECURITY DIRECTOR, CORRECTIONAL SVC AT
514-864-8010 EXT 50502, EXC IFR ACFT AUTH BY ATC,
MEDEVAC AND STATE ACFT.
1901031520 TIL APRX 1904092000",
              "title": "190010 CZUL MONTREAL FIR",
            },
            Object {
              "notam": "CZUL PURSUANT TO SECTION 5.1 OF THE AERONAUTICS ACT, THE AIRSPACE
WITHIN RADIUS 0.5 NM CENTRE 483506N 780814W (NEW AMOS PRISON,
APRX 5 NM E CYEY AND APRX 5 NM N CSC6) SFC TO 2000 FT MSL, IS
RESTRICTED. NO PERSON SHALL OPR AN ACFT, INCLUDING AN UNMANNED
AIR VEHICLE (UAV-DRONE) AND MODEL ACFT, WITHIN THE AREA DESCRIBED
UNLESS AUTH BY THE SECURITY DIRECTOR, CORRECTIONAL SVC AT
514-864-8010 EXTENSION 50502 EXC IFR ACFT AUTH BY ATC, MEDEVAC
AND STATE ACFT.
1901031550 TIL APRX 1904092000",
              "title": "190011 CZUL MONTREAL FIR",
            },
            Object {
              "notam": "CZUL PURSUANT TO SECTION 5.1 OF THE AERONAUTICS ACT, THE AIRSPACE
WITHIN RADIUS 0.25 NM CENTRE 452541N 754458W (HULL PRISON, APRX
1.5 NM SW OTTAWA/GATINEAU(CASINO)(HELI)AD) SFC TO 1200 FT MSL, IS
RESTRICTED. NO PERSON SHALL OPR AN ACFT, INCLUDING AN UNMANNED
AIR VEHICLE (UAV-DRONE) AND MODEL ACFT, WITHIN THE AREA
DESCRIBED UNLESS AUTH BY THE SECURITY DIRECTOR, CORRECTIONAL
SVC AT 514-864-8010 EXT 50502 EXC IFR ACFT AUTH BY ATC, MEDEVAC
AND STATE ACFT.
1901031550 TIL APRX 1904092000",
              "title": "190012 CZUL MONTREAL FIR",
            },
            Object {
              "notam": "CZUL PURSUANT TO SECTION 5.1 OF THE AERONAUTICS ACT,
THE AIRSPACE WITHIN RADIUS 0.25 NM CENTRE 462200N 723734W
(TROIS-RIVIERES PRISON, APRX 2 NM E CYRQ AD) SFC TO 500 FT MSL,
IS RESTRICTED. NO PERSON SHALL OPR AN ACFT, INCLUDING AN UNMANNED
AIR VEHICLE (UAV-DRONE) AND MODEL ACFT, WITHIN THE AREA DESCRIBED
UNLESS AUTH BY THE SECURITY DIRECTOR, CORRECTIONAL SVC AT
514-864-8010 EXT 50502, EXC IFR ACFT AUTH BY ATC, MEDEVAC AND
STATE ACFT.
1901031552 TIL APRX 1904092000",
              "title": "190013 CZUL MONTREAL FIR",
            },
            Object {
              "notam": "CZUL PURSUANT TO SECTION 5.1 OF THE AERONAUTICS ACT, THE AIRSPACE
WITHIN RADIUS 1 NM CENTRE 465315N 711858W (ORSAINVILLE PRISON,
APRX 7 NM NE QUEBEC/JEAN LESAGE INTL AD), SFC TO 1200 FT MSL, IS
RESTRICTED. NO PERSON SHALL OPR AN ACFT, INCLUDING AN UNMANNED
AIR VEHICLE (UAV-DRONE) AND MODEL ACFT, WITHIN THE AREA DESCRIBED
UNLESS AUTH BY THE SECURITY DIRECTOR, CORRECTIONAL SVC AT
514-864-8010 EXT 50502, EXC IFR ACFT AUTH BY ATC, MEDEVAC AND
STATE ACFT.
1901031552 TIL APRX 1904092000",
              "title": "190014 CZUL MONTREAL FIR",
            },
            Object {
              "notam": "CZUL PURSUANT TO SECTION 5.1 OF THE AERONAUTICS ACT, THE AIRSPACE
WITHIN RADIUS 1 NM CENTRE 452318N 715241W (SHERBROOKE PRISON,
APRX 4 NM SSW SHERBROOKE(CHUS)/FRANCOIS DESOURDY(HELI)AD), SFC TO
1500 FT MSL, IS RESTRICTED. NO PERSON SHALL OPR AN ACFT,
INCLUDING AN UNMANNED AIR VEHICLE (UAV-DRONE) AND MODEL ACFT,
WITHIN THE AREA DESCRIBED UNLESS AUTH BY THE SECURITY DIRECTOR,
CORRECTIONAL SVC AT 514-864-8010 EXTENSION 50502 EXC IFR ACFT
AUTH BY ATC, MEDEVAC AND STATE ACFT.
1901031554 TIL APRX 1904092000",
              "title": "190015 CZUL MONTREAL FIR",
            },
            Object {
              "notam": "CZUL PURSUANT TO SECTION 5.1 OF THE AERONAUTICS ACT, THE AIRSPACE
WITHIN RADIUS 0.5 NM CENTRE 454810N 740103W (SAINT- JEROME
PRISON, APRX 2 NM NNE ST-JEROME(HYDRO-QUEBEC)(HELI) AD AND APRX 2
NM ENE ST-JEROME AD), SFC TO 1400 FT MSL, IS RESTRICTED. NO
PERSON SHALL OPR AN ACFT, INCLUDING AN UNMANNED AIR VEHICLE
(UAV-DRONE) AND MODEL ACFT, WITHIN THE AREA DESCRIBED UNLESS AUTH
BY THE SECURITY DIRECTOR, CORRECTIONAL SVC AT 514-864-8010
EXTENSION 50502 EXC IFR ACFT AUTH BY ATC, MEDEVAC AND STATE ACFT.
1901031555 TIL APRX 1904092000",
              "title": "190016 CZUL MONTREAL FIR",
            },
            Object {
              "notam": "CZUL OBST LGT U/S TOWER 483918N 745629W (APRX 38 NM NW CTP3) 92
FT AGL 1024 MSL 1901080600 TIL 1904082100",
              "title": "190029 CZUL MONTREAL FIR",
            },
            Object {
              "notam": "CZUL OBST LGT U/S TOWER 491300N 651042W (APRX 38 NM NNW CYGP)
300 FT AGL 1362 MSL
1901192212 TIL 1904192100",
              "title": "190060 CZUL MONTREAL FIR",
            },
            Object {
              "notam": "CZUL OBST LGT U/S TOWER 494309N 671530W (APRX 46 NM NNW CYSZ)
262 FT AGL 1476 MSL
1901310056 TIL 1902280020",
              "title": "190102 CZUL MONTREAL FIR",
            },
            Object {
              "notam": "CZUL V360 BTN YZV VOR AND UAC NDB NOT SUITABLE FOR VOR NAV
1902021339 TIL APRX 1905021800",
              "title": "190107 CZUL MONTREAL FIR",
            },
            Object {
              "notam": "CZUL LGT OBST U/S TOWER 453524N 703957W (APRX 31 NM S CYSG AD)
198 FT AGL 2365 MSL
1902041650 TIL 1905012359",
              "title": "190112 CZUL MONTREAL FIR",
            },
            Object {
              "notam": "CZUL LGT OBST U/S TOWER 465553N 694920W (APRX 29 NM ESE CSE5)
215 FT AGL 1620 MSL
1902060719 TIL 1905082359",
              "title": "190116 CZUL MONTREAL FIR",
            },
            Object {
              "notam": "CZUL KUUJJUAQ RADAR U/S. FLT WITHIN RADIUS 200 NM CENTRE
580845N 682412W MAY BE DENIED ROUTING AND/OR ALT REQUESTS
1902122000 TIL 1902122330",
              "title": "190122 CZUL MONTREAL FIR",
            },
            Object {
              "notam": "CYR- 665 BAGOTVILLE ACT ABV FL310 TO UNL
FEB 12 1500-2359
FEB 13 15 1400-2300
1902121500 TIL 1902152300",
              "title": "190125 CZUL MONTREAL FIR",
            },
            Object {
              "notam": "CYR- 666 BAGOTVILLE ACT ABV FL310 TO UNL
FEB 12 1500-2359
FEB 13 15 1400-2300
1902121500 TIL 1902152300",
              "title": "190126 CZUL MONTREAL FIR",
            },
            Object {
              "notam": "CZUL PAL 135.1 AND 134.2 AT KUUJJUAQ U/S
1902131100 TIL 1902131400",
              "title": "190129 CZUL MONTREAL ACC",
            },
          ],
          "metar": Array [
            "SPECI CYMX 122220Z 05010G17KT 3/4SM R06/P6000FT/D -SN DRSN VV010 M13/M15 A3018 RMK SN8 SLP231",
            "METAR CYMX 122200Z 05010G19KT 1SM R06/P6000FT/D R11/P6000FT/D -SN DRSN BKN012 OVC020 M13/M16 A3019 RMK SN6SF1SC1 SLP234",
            "SPECI CYMX 122147Z 06011G19KT 2SM -SN BKN015 OVC021 M12/M18 A3019 RMK SN5SF2SC1 SLP234",
            "SPECI CYMX 122130Z 06010G20KT 20SM -SN BKN034 OVC042 M13/M18 A3020 RMK SC6SC2 VIS S-SW 8 SLP238",
            "METAR CYMX 122100Z 06009G21KT 45SM FEW025 OVC068 M13/M18 A3021 RMK SC1AS7 SLP240",
            "METAR CYMX 122000Z 05012G18KT 020V090 45SM OVC090 M14/M20 A3025 RMK AS8 PRESFR SLP255",
          ],
          "notam": Array [
            Object {
              "notam": "CYMX RSC 06/24 10 PCT DRY SN TRACE, 90 PCT BARE AND DRY. 1902122210",
              "title": "000000 CYMX MONTREAL INTL (MIRABEL)",
            },
            Object {
              "notam": "CYMX AMEND CFS: COMM: GND ADV: TO READ MIRABEL 121.8 (E)
(EMERGENCY ONLY 450-476-3141)",
              "title": "180368 CYMX MONTREAL INTL(MIRABEL)",
            },
            Object {
              "notam": "CYMX WEF 2018 AUG 16 1200 AMEND PUB: PRO: ADD:
THE MINISTER HAS AUTH SPECIFIC OPR RESTRICTIONS REGARDING COM
INTENDED FOR THE MF, AS WELL AS THE INTRODUCTION OF A GROUND
ADVISORY FREQ (GND ADV) PURSUANT TO CAR 602.97 (2), 602.98 (1)
AND 602.99.
DEP PROC: TO READ: PRIOR TO TAXI FOR DEP: CTC GND ADV ON 121.8
FOR CLR AND INITIAL ADVISORY INFO. AFTER RECEIVING INITIAL
ADVISORY INFO, GND ADV WILL INITIATE COM TRANSFER TO RDO 119.1
PRIOR TO ENTERING THE RUNWAY/DEP SURFACE.
PILOTS ARE REQUIRED TO ASCERTAIN THAT THERE IS NO LIKELIHOOD OF
COLLISION WITH ANOTHER ACFT OR A VEHICLE PRIOR TO DEP. (AS
STATED IN CAR 602.96, 2A AND B)
ADD: ARR PROC: AFTER EXITING THE RWY/ARR SURFACE AND REPORTING
CLEAR ON THE RDO FREQ, PILOTS WILL BE DIRECTED TO CTC GND ADV
ON 121.8 FOR GROUND TFC AND TAXIING INFO BFR ENTERING THE TWY.",
              "title": "180479 CYMX MONTREAL INTL(MIRABEL)",
            },
            Object {
              "notam": "CYMX REDL 11/29 U/S 1811222050 TIL 1902221600",
              "title": "180759 CYMX MONTREAL INTL(MIRABEL)",
            },
            Object {
              "notam": "CYMX PAPI 29 U/S 1811222050 TIL 1902221600",
              "title": "180760 CYMX MONTREAL INTL(MIRABEL)",
            },
            Object {
              "notam": "CYMX MOBILE CRANE APRX 197 FT BFR THR 06 AND 3000 FT LEFT
EXTENDED RCL. 100 FT AGL 359 MSL. LGTD AND PAINTED. 1200-2300 DLY
1901071200 TIL 1902282300",
              "title": "190013 CYMX MONTREAL INTL(MIRABEL)",
            },
            Object {
              "notam": "CYMX MULTIPLE CRANES RADIUS 200 FT CENTRE 454103N 740057W
(APRX 4584 FT BEYOND THR 06 AND 2515 FT LEFT OF RCL)
120 FT AGL 363 MSL. LGTD AND PAINTED.
1901141100 TIL 1903300500",
              "title": "190054 CYMX MONTREAL INTL(MIRABEL)",
            },
            Object {
              "notam": "CYMX TWY A CLSD BTN TWY H AND A5
1901301153 TIL 1904292000",
              "title": "190096 CYMX MONTREAL INTL(MIRABEL)",
            },
            Object {
              "notam": "CYMX VOR/DME RWY 11 APCH: VOR/DME STRAIGHT-IN MINIMA NOT AUTH
SS-SR
1901302045 TIL 1904250901",
              "title": "190099 CYMX MONTREAL INTL(MIRABEL)",
            },
            Object {
              "notam": "CYMX ILS RWY 11 APCH: ILS AND LOC STRAIGHT-IN MINIMA NOT AUTH
SS-SR
1901302045 TIL 1904250901",
              "title": "190100 CYMX MONTREAL INTL(MIRABEL)",
            },
            Object {
              "notam": "CYMX RNAV(GNSS) RWY 11 APCH:
LPV, LNAV/VNAV AND LNAV STRAIGHT-IN MINIMA NOT AUTH
SS-SR
1901302045 TIL 1904250901",
              "title": "190101 CYMX MONTREAL INTL(MIRABEL)",
            },
            Object {
              "notam": "CYMX RNAV(GNSS) RWY 29 APCH:
LPV, LNAV/VNAV AND LNAV STRAIGHT-IN MINIMA NOT AUTH
SS-SR
1901302045 TIL 1904250901",
              "title": "190102 CYMX MONTREAL INTL(MIRABEL)",
            },
            Object {
              "notam": "CYMX RWY 11/29 CLSD
FEB 04 SS-SR
FEB 05 1300-2130 SS-SR
FEB 06-MAR 28 SS-SR
1902041955 TIL 1903291100",
              "title": "190117 CYMX MONTREAL INTL(MIRABEL)",
            },
            Object {
              "notam": "CYMX CRANE APRX 4215 FT BFR THR 29 AND 3420 FT RIGHT
OF EXTENDED RCL 140 FT AGL 405 MSL. LGTD AND PAINTED.
1902061100 TIL 1902282100",
              "title": "190119 CYMX MONTREAL INTL(MIRABEL)",
            },
            Object {
              "notam": "CYMX RWY 11/29 AVBL FOR MIL ACFT ONLY
AVBL AS TWY FOR ALL ACFT
FEB 12 1600-SS
FEB 13-MAR 28 SR-SS
1902121600 TIL 1903282300",
              "title": "190137 CYMX MONTREAL INTL(MIRABEL)",
            },
          ],
          "stationName": "MONTREAL INTL (MIRABEL)/QC",
          "taf": Array [
            "TAF CYMX 121738Z 1218/1318 06010G20KT P6SM BKN200",
            "FM122100 05012G22KT 6SM -SN SCT020 OVC090 TEMPO 1221/1222 21/2SM
     -SN OVC020",
            "FM122200 05015G25KT 11/2SM -SN OVC020 TEMPO 1222/1224 3/4SM -SN
     OVC008",
            "FM130000 06015G25KT 3/4SM -SN BLSN OVC012 TEMPO 1300/1303 1/2SM
     -SN BLSN OVC006",
            "FM130300 06020G35KT 1/4SM SN BLSN VV004",
            "FM130900 06020G30KT 3/4SM -SN BLSN OVC006",
            "FM131300 05015G25KT 1SM -SN BLSN OVC008",
            "FM131600 05008KT 6SM -SN BKN008 OVC015",
            "RMK NXT FCST BY 130000Z",
          ],
        },
        "EGPK": Object {
          "fir": Array [
            Object {
              "notam": "Q) EGXX/QAFXX/IV/NBO/E /000/999/5504N00500W999
A) EGTT EGPX B) 1811210944 C) PERM
E) AIC Y009/2018 ROYAL HELICOPTER FLIGHTS. AIC CANCELLED",
              "title": "B2358/18 NOTAMN",
            },
            Object {
              "notam": "Q) EGXX/QAFXX/IV/NBO/E /000/999/5504N00500W999
A) EGTT EGPX B) 1902280000 C) PERM
E) DANGER AREAS EG D323A TO EG D323R AMEND DAAIS FREQUENCY TO READ 
125.475MHZ.
AIP ENR 5.1 REFERS",
              "title": "B0114/19 NOTAMN",
            },
            Object {
              "notam": "Q) EGXX/QROXX/IV/NBO/W /000/999/5218N01451W999
A) EGPX EGTT EGGX B) 1901291637 C) 1904251200 EST
E) AIRSPACE SECURITY WARNINGS ISSUED BY THE DEPARTMENT FOR TRANSPORT
IN RESPONSE TO HAZARDOUS SITUATIONS WITHIN THE TERRITORY AND/OR
AIRSPACE OF AFGHANISTAN, EGYPT, IRAQ, KENYA, LIBYA, MALI, NORTH
KOREA, PAKISTAN, SOMALIA, SOUTH SUDAN, SYRIA, UP TO 200NM OUTSIDE THE
DAMASCUS FIR,  UKRAINE AND YEMEN. ALL OPERATORS ARE TO REFER TO THE
TABLE IN UK AIP AT ENR 1.1 SECTION 1.4 FOR FURTHER DETAILS.
2018-03-0229-AS6
F) SFC G) UNL",
              "title": "V0003/19 NOTAMR V0017/18",
            },
            Object {
              "notam": "Q) EGXX/QKKKK/K /K  /K /000/999/5218N01451W999
A) EGGX EGPX EGTT B) 1902010929 C) 1903010005 EST
E) CHECKLIST
YEAR=2019 NIL
 
LATEST PUBLICATIONS
AIP AIRAC AMDT IFR 004/2019 EFFECTIVE DATE 28 MAR 19
AIP SUP IFR 004/2019 EFFECTIVE DATE 17 JAN 19
AIC IFR W005/2019 EFFECTIVE DATE 17 JAN 19
AIC IFR P105/2018 EFFECTIVE DATE 13 DEC 18
AIC IFR Y004/2019 EFFECTIVE DATE 17 JAN 19
AIC IFR M002/2019 EFFECTIVE DATE 17 JAN 19
AIC IFR G097/2009 EFFECTIVE DATE 31 DEC 09",
              "title": "F0021/19 NOTAMR F0001/19",
            },
            Object {
              "notam": "Q) EGXX/QKKKK/K /K  /K /000/999/5218N01451W999
A) EGGX EGPX EGTT B) 1902010928 C) 1903010005 EST
E) CHECKLIST
YEAR=2019 0004 0005
 
LATEST PUBLICATIONS
AIP AIRAC AMDT IFR 004/2019 EFFECTIVE DATE 28 MAR 19
AIP SUP IFR 004/2019 EFFECTIVE DATE 17 JAN 19
AIC IFR W005/2019 EFFECTIVE DATE 17 JAN 19
AIC IFR P105/2018 EFFECTIVE DATE 13 DEC 18
AIC IFR Y004/2019 EFFECTIVE DATE 17 JAN 19
AIC IFR M002/2019 EFFECTIVE DATE 17 JAN 19
AIC IFR G097/2009 EFFECTIVE DATE 31 DEC 09",
              "title": "G0015/19 NOTAMR G0001/19",
            },
            Object {
              "notam": "Q) EGXX/QKKKK/K /K  /K /000/999/5218N01451W999
A) EGGX EGPX EGTT B) 1902010933 C) 1903010005 EST
E) CHECKLIST
YEAR=2018 5528 6104 8259 8404 8408 8492 8591 8707 8852 8904 8923 8932
          8950 8984 8986 9057 9099 9116 9117 9154 9155 9161 9176
YEAR=2019 0002 0003 0004 0010 0017 0019 0020 0024 0028 0029 0030 0031
          0032 0034 0036 0042 0059 0070 0073 0080 0083 0084 0085 0086
          0094 0100 0105 0106 0107 0111 0122 0132 0135 0136 0144 0146
          0149 0150 0151 0153 0154 0158 0165 0176 0177 0192 0193 0195
          0197 0198 0199 0208 0215 0219 0222 0229 0233 0244 0249 0273
          0276 0277 0278 0282 0283 0288 0290 0291 0292 0295 0296 0298
          0299 0300 0307 0308 0309 0310 0311 0312 0313 0314 0315 0319
          0320 0322 0327 0328 0329 0330 0331 0332 0333 0334 0335 0336
 
LATEST PUBLICATIONS
AIP AIRAC AMDT IFR 004/2019 EFFECTIVE DATE 28 MAR 19
AIP SUP IFR 004/2019 EFFECTIVE DATE 17 JAN 19
AIC IFR W005/2019 EFFECTIVE DATE 17 JAN 19
AIC IFR P105/2018 EFFECTIVE DATE 13 DEC 18
AIC IFR Y004/2019 EFFECTIVE DATE 17 JAN 19
AIC IFR M002/2019 EFFECTIVE DATE 17 JAN 19
AIC IFR G097/2009 EFFECTIVE DATE 31 DEC 09",
              "title": "H0340/19 NOTAMR H0001/19",
            },
            Object {
              "notam": "Q) EGXX/QKKKK/K /K  /K /000/999/5218N01451W999
A) EGGX EGPX EGTT B) 1902010932 C) 1903010005 EST
E) CHECKLIST
YEAR=2018 0201 0277
YEAR=2019 0003 0004 0005 0006 0014 0015 0016 0017 0025
 
LATEST PUBLICATIONS
AIP AIRAC AMDT IFR 004/2019 EFFECTIVE DATE 28 MAR 19
AIP SUP IFR 004/2019 EFFECTIVE DATE 17 JAN 19
AIC IFR W005/2019 EFFECTIVE DATE 17 JAN 19
AIC IFR P105/2018 EFFECTIVE DATE 13 DEC 18
AIC IFR Y004/2019 EFFECTIVE DATE 17 JAN 19
AIC IFR M002/2019 EFFECTIVE DATE 17 JAN 19
AIC IFR G097/2009 EFFECTIVE DATE 31 DEC 09",
              "title": "N0028/19 NOTAMR N0001/19",
            },
            Object {
              "notam": "Q) EGXX/QKKKK/K /K  /K /000/999/5218N01451W999
A) EGGX EGPX EGTT B) 1902010932 C) 1903010005 EST
E) CHECKLIST
YEAR=2019 0002 0003
 
LATEST PUBLICATIONS
AIP AIRAC AMDT IFR 004/2019 EFFECTIVE DATE 28 MAR 19
AIP SUP IFR 004/2019 EFFECTIVE DATE 17 JAN 19
AIC IFR W005/2019 EFFECTIVE DATE 17 JAN 19
AIC IFR P105/2018 EFFECTIVE DATE 13 DEC 18
AIC IFR Y004/2019 EFFECTIVE DATE 17 JAN 19
AIC IFR M002/2019 EFFECTIVE DATE 17 JAN 19
AIC IFR G097/2009 EFFECTIVE DATE 31 DEC 09",
              "title": "V0004/19 NOTAMR V0001/19",
            },
            Object {
              "notam": "Q) EGXX/QKKKK/K /K  /K /000/999/5218N01451W999
A) EGGX EGPX EGTT B) 1902010930 C) 1903010005 EST
E) CHECKLIST
YEAR=2019 0506 0507 0508 0509 0510 0511 0512 0513 0514 0515 0518
 
LATEST PUBLICATIONS
AIP AIRAC AMDT IFR 004/2019 EFFECTIVE DATE 28 MAR 19
AIP SUP IFR 004/2019 EFFECTIVE DATE 17 JAN 19
AIC IFR W005/2019 EFFECTIVE DATE 17 JAN 19
AIC IFR P105/2018 EFFECTIVE DATE 13 DEC 18
AIC IFR Y004/2019 EFFECTIVE DATE 17 JAN 19
AIC IFR M002/2019 EFFECTIVE DATE 17 JAN 19
AIC IFR G097/2009 EFFECTIVE DATE 31 DEC 09",
              "title": "M0522/19 NOTAMR M0001/19",
            },
            Object {
              "notam": "Q) EGXX/QKKKK/K /K  /K /000/999/5218N01451W999
A) EGGX EGPX EGTT B) 1902010933 C) 1903010005 EST
E) CHECKLIST
YEAR=2016 0298 0322 0325
YEAR=2017 0317 0318 0319 0320 0321 0323 0324
YEAR=2018 0216 0227 0337 0391
YEAR=2019 0012 0021 0027 0040
 
LATEST PUBLICATIONS
AIP AIRAC AMDT IFR 004/2019 EFFECTIVE DATE 28 MAR 19
AIP SUP IFR 004/2019 EFFECTIVE DATE 17 JAN 19
AIC IFR W005/2019 EFFECTIVE DATE 17 JAN 19
AIC IFR P105/2018 EFFECTIVE DATE 13 DEC 18
AIC IFR Y004/2019 EFFECTIVE DATE 17 JAN 19
AIC IFR M002/2019 EFFECTIVE DATE 17 JAN 19
AIC IFR G097/2009 EFFECTIVE DATE 31 DEC 09",
              "title": "Q0041/19 NOTAMR Q0001/19",
            },
            Object {
              "notam": "Q) EGXX/QKKKK/K /K  /K /000/999/5218N01451W999
A) EGGX EGPX EGTT B) 1902011112 C) 1903011112 EST
E) CHECKLIST
YEAR=2019 0062 0089 0104 0109 0111
 
LATEST PUBLICATIONS
AIP AIRAC AMDT IFR 004/2019 EFFECTIVE DATE 28 MAR 19
AIP SUP IFR 004/2019 EFFECTIVE DATE 17 JAN 19
AIC IFR W005/2019 EFFECTIVE DATE 17 JAN 19
AIC IFR P105/2018 EFFECTIVE DATE 13 DEC 18
AIC IFR Y004/2019 EFFECTIVE DATE 17 JAN 19
AIC IFR M002/2019 EFFECTIVE DATE 17 JAN 19
AIC IFR G097/2009 EFFECTIVE DATE 31 DEC 09",
              "title": "D0112/19 NOTAMR D0110/19",
            },
            Object {
              "notam": "Q) EGXX/QKKKK/K /K  /K /000/999/5218N01451W999
A) EGGX EGPX EGTT B) 1902011114 C) 1903011114 EST
E) CHECKLIST
YEAR=2017 3447
YEAR=2018 1651 3097 3123 3259 3349 3453 3574 3598 3603 3642 3658 3673
          3686 3767 3794 3810 3821 3869 3870 3883 3893 3937 3938 3947
          3964 3975 3976 3981 4002 4025 4030 4041 4047 4058 4060 4071
          4072 4075 4076 4077 4134 4160 4161 4171 4190 4191 4208
YEAR=2019 0010 0018 0077 0082 0094 0103 0107 0110 0111 0114 0116 0119
          0120 0136 0137 0163 0181 0182 0201 0202 0207 0209 0210 0211
          0212 0213 0216 0217 0218 0219 0222 0225 0228 0229 0237 0239
          0240 0241 0244 0245 0249 0250 0254 0268 0276 0279 0281 0291
          0292 0293 0294 0299 0301 0304
 
LATEST PUBLICATIONS
AIP AIRAC AMDT IFR 004/2019 EFFECTIVE DATE 28 MAR 19
AIP SUP IFR 004/2019 EFFECTIVE DATE 17 JAN 19
AIC IFR W005/2019 EFFECTIVE DATE 17 JAN 19
AIC IFR P105/2018 EFFECTIVE DATE 13 DEC 18
AIC IFR Y004/2019 EFFECTIVE DATE 17 JAN 19
AIC IFR M002/2019 EFFECTIVE DATE 17 JAN 19
AIC IFR G097/2009 EFFECTIVE DATE 31 DEC 09",
              "title": "A0305/19 NOTAMR A0298/19",
            },
            Object {
              "notam": "Q) EGXX/QKKKK/K /K  /K /000/999/5218N01451W999
A) EGGX EGPX EGTT B) 1902011113 C) 1903011113 EST
E) CHECKLIST
YEAR=2018 2051 2129 2358 2448 2455 2498 2537 2566 2576 2610
YEAR=2019 0012 0013 0014 0016 0023 0057 0062 0072 0076 0081 0086 0087
          0088 0089 0090 0099 0100 0101 0102 0103 0111 0112 0113 0114
          0115 0117 0125 0127 0129 0130 0133 0135 0136 0137 0138 0139
          0140 0141 0146 0147 0148
 
LATEST PUBLICATIONS
AIP AIRAC AMDT IFR 004/2019 EFFECTIVE DATE 28 MAR 19
AIP SUP IFR 004/2019 EFFECTIVE DATE 17 JAN 19
AIC IFR W005/2019 EFFECTIVE DATE 17 JAN 19
AIC IFR P105/2018 EFFECTIVE DATE 13 DEC 18
AIC IFR Y004/2019 EFFECTIVE DATE 17 JAN 19
AIC IFR M002/2019 EFFECTIVE DATE 17 JAN 19
AIC IFR G097/2009 EFFECTIVE DATE 31 DEC 09",
              "title": "B0149/19 NOTAMR B0144/19",
            },
            Object {
              "notam": "Q) EGXX/QKKKK/K /K  /K /000/999/5218N01451W999
A) EGGX EGPX EGTT B) 1902011112 C) 1903011112 EST
E) CHECKLIST
YEAR=2018 2393 4895 4896 5073 5585 5710 5711 5713 5981 5983 6018 6048
          6072 6085 6123 6165 6166 6169 6197 6202 6261 6359 6398 6406
          6447 6455 6490 6505 6512 6539 6546 6655 6668 6686 6717 6720
          6735 6831 6833 6836 6869 6909 6910 6935 6943 6948 6992 7052
          7066 7093 7143
YEAR=2019 0002 0003 0004 0020 0022 0028 0034 0035 0052 0065 0085 0086
          0087 0088 0089 0090 0099 0116 0131 0142 0143 0144 0145 0156
          0191 0192 0199 0200 0201 0202 0203 0204 0213 0215 0235 0236
          0239 0262 0264 0269 0286 0287 0291 0292 0302 0306 0317 0318
          0319 0323 0324 0326 0332 0338 0348 0349 0351 0353 0371 0376
          0381 0386 0397 0401 0403 0404 0405 0406 0407 0408 0420 0425
          0426 0443 0445 0446 0448 0450 0451 0459 0462 0468 0471 0472
          0473 0480 0481 0482 0485 0486 0487 0495 0498 0499 0501 0502
          0503 0514 0518 0532 0533 0534 0536 0537 0538
 
LATEST PUBLICATIONS
AIP AIRAC AMDT IFR 004/2019 EFFECTIVE DATE 28 MAR 19
AIP SUP IFR 004/2019 EFFECTIVE DATE 17 JAN 19
AIC IFR W005/2019 EFFECTIVE DATE 17 JAN 19
AIC IFR P105/2018 EFFECTIVE DATE 13 DEC 18
AIC IFR Y004/2019 EFFECTIVE DATE 17 JAN 19
AIC IFR M002/2019 EFFECTIVE DATE 17 JAN 19
AIC IFR G097/2009 EFFECTIVE DATE 31 DEC 09",
              "title": "C0539/19 NOTAMR C0530/19",
            },
            Object {
              "notam": "Q) EGXX/QKKKK/K /K  /K /000/999/5218N01451W999
A) EGGX EGPX EGTT B) 1902011115 C) 1903011115 EST
E) CHECKLIST
YEAR=2019 0007
 
LATEST PUBLICATIONS
AIP AIRAC AMDT IFR 004/2019 EFFECTIVE DATE 28 MAR 19
AIP SUP IFR 004/2019 EFFECTIVE DATE 17 JAN 19
AIC IFR W005/2019 EFFECTIVE DATE 17 JAN 19
AIC IFR P105/2018 EFFECTIVE DATE 13 DEC 18
AIC IFR Y004/2019 EFFECTIVE DATE 17 JAN 19
AIC IFR M002/2019 EFFECTIVE DATE 17 JAN 19
AIC IFR G097/2009 EFFECTIVE DATE 31 DEC 09",
              "title": "J0016/19 NOTAMR J0015/19",
            },
            Object {
              "notam": "Q) EGXX/QKKKK/K /K  /K /000/999/5218N01451W999
A) EGGX EGPX EGTT B) 1902011114 C) 1903011114 EST
E) CHECKLIST
YEAR=2014 3708
YEAR=2015 NIL
YEAR=2016 3826
YEAR=2017 NIL
YEAR=2018 2387 3043 4483 4786 4826 5024 5098 5212 5219 5255 5277 5337
          5369 5395 5407 5455 5479 5480 5497 5501 5503 5506 5507 5509
          5514 5589
YEAR=2019 0025 0026 0027 0029 0043 0055 0057 0060 0070 0073 0074 0084
          0144 0167 0169 0171 0190 0203 0204 0207 0208 0209 0242 0243
          0244 0246 0248 0254 0265 0268 0286 0288 0290 0300 0303 0304
          0305 0324 0331 0334 0342 0345 0346 0348 0349 0350 0351 0352
          0353 0359 0366 0369 0373 0374 0375 0376 0387 0389 0393 0400
          0410 0411 0415 0416 0417 0418 0421 0425 0429 0432 0433 0434
          0435 0440 0445 0446 0448 0449 0450
 
LATEST PUBLICATIONS
AIP AIRAC AMDT IFR 004/2019 EFFECTIVE DATE 28 MAR 19
AIP SUP IFR 004/2019 EFFECTIVE DATE 17 JAN 19
AIC IFR W005/2019 EFFECTIVE DATE 17 JAN 19
AIC IFR P105/2018 EFFECTIVE DATE 13 DEC 18
AIC IFR Y004/2019 EFFECTIVE DATE 17 JAN 19
AIC IFR M002/2019 EFFECTIVE DATE 17 JAN 19
AIC IFR G097/2009 EFFECTIVE DATE 31 DEC 09",
              "title": "U0454/19 NOTAMR U0444/19",
            },
            Object {
              "notam": "Q) EGPX/QOLAS/IV/M  /E /000/006/5729N00122W001
A) EGPX B) 1902041022 C) 1903071400 EST
E) AIR NAV OBST TURB-OFF HYWIND SCOTLAND LIGHT U/S UK0150T375F PSN 
572905.29N 0012220.28W. ELEV 584FT AMSL",
              "title": "N0031/19 NOTAMR N0006/19",
            },
            Object {
              "notam": "Q) EGPX/QANCS/I /NBO/E /055/255/5523N00456W004
A) EGPX B) 1902280001 C) PERM
E) ATS ROUTES, AREA NAVIGATION ROUTES AND
NAME CODE DESIGNATORS FOR SIG POINTS
NEW RNAV ROUTE Z246 INSTALLED HERON TO DAUNT
ROW 1 
Z246 (RNP/RNAV)
ROW 2
HERON    552035N 0050000W            WESTBOUND ROUTE ONLY 
                                     EXTREMITY OF Z246
                                     INTERSECTION WITH N562
ROW 3
(RNAV 1) -/222.119 DEG TRUE 6.145NM  FL255/ALT 5500FT   EVEN  
FL80/FL240REMARKS COLUMN FL255/FL195 CLASS C. FL195/ALT 5500FT CLASS 
D. 
SCOTTISH CONTROL (PRESTWICK) FREQ: 127.275 (ALL LEVELS)
ROW 4
DAUNT    552508.18N 0045246.93W       EXTREMITY OF Z246
AIP ENR 3.3  AND ENR 4.4 REFER",
              "title": "B0172/19 NOTAMN",
            },
            Object {
              "notam": "Q) EGPX/QANCS/I /NBO/E /055/255/5521N00455W004
A) EGPX B) 1902280001 C) PERM
E) ATS ROUTES, AREA NAVIGATION ROUTES AND
NAME CODE DESIGNATORS FOR SIG POINTS
NEW RNAV ROUTE Z247 INSTALLED HERON TO OKNOB
ROW 1 
Z247 (RNP/RNAV)
ROW 2
HERON    552035N 0050000W            WESTBOUND ROUTE ONLY 
                                     EXTREMITY OF Z247
                                     INTERSECTION WITH N562
ROW 3
(RNAV 1) -/258.86 DEG TRUE 5.993NM  FL255/ALT 5500FT   EVEN  
FL80/FL240
REMARKS COLUMN FL255/FL195 CLASS C. FL195/ALT 5500FT CLASS D. 
SCOTTISH CONTROL (PRESTWICK) FREQ: 127.275 (ALL LEVELS)
ROW 4
OKNOB    552144.78N 0044942.12W      EXTREMITY OF Z247
AIP ENR 3.3  AND ENR 4.4 REFER",
              "title": "B0174/19 NOTAMN",
            },
            Object {
              "notam": "Q) EGPX/QANCS/I /NBO/E /055/255/5515N00420W011
A) EGPX B) 1902280001 C) PERM
E) ATS ROUTES, AREA NAVIGATION ROUTES AND
NAME CODE DESIGNATORS FOR SIG POINTS
NEW RNAV ROUTE Z248 INSTALLED OSMEG TO LUCCO
ROW 1 
Z248
ROW 2
OSMEG      550826N 0040603W        EASTBOUND ROUTE ONLY.
                                   EXTREMITY OF Z248
                                   INTERSECTION WITH T256.
ROW 3
(RNAV 1)  -/127.901DEG TRUE  20.099NM  FL255/ALT 5500FT   ODD 
FL70/FL230
REMARKS COLUMN FL255/FL195 CLASS C. FL195/ALT 5500FT CLASS D. 
SCOTTISH CONTROL (PRESTWICK) FREQ: FREQ: 121.375 (BELOW FL195)
                                   FREQ: 124.825 (FL255-FL195)
ROW 4
LUCCO      552048.54N 0043341.11W  EXTREMITY OF Z248
AIP ENR 3.3  AND ENR 4.4 REFER",
              "title": "B0176/19 NOTAMN",
            },
            Object {
              "notam": "Q) EGPX/QANCS/I /NBO/E /055/255/5513N00411W006
A) EGPX B) 1902280001 C) PERM
E) ATS ROUTES, AREA NAVIGATION ROUTES AND
NAME CODE DESIGNATORS FOR SIG POINTS
NEW RNAV ROUTE Z249 INSTALLED OSMEG TO SUDBY
ROW 1
Z249 (RNP/RNAV)
ROW 2 
OSMEG      550826N 0040603W        EASTBOUND ROUTE ONLY.
                                   EXTREMITY OF Z249
                                   INTERSECTION WITH T256.
ROW 3
(RNAV 1)  -/148.283DEG TRUE  10.971NM  FL255/ALT 5500FT   ODD 
FL70/FL230REMARKS COLUMN FL255/FL195 CLASS C. FL195/ALT 5500FT CLASS 
D. 
SCOTTISH CONTROL (PRESTWICK) FREQ: FREQ: 121.375 (BELOW FL195)
                                   FREQ: 124.825 (FL255-FL195)
ROW 4
SUDBY    551745.35N 0041606.05W     EXTREMITY OF Z249
AIP ENR 3.3  AND ENR 4.4 REFER",
              "title": "B0178/19 NOTAMN",
            },
            Object {
              "notam": "Q) EGPX/QANCS/I /NBO/E /055/255/5524N00347W028
A) EGPX B) 1902280001 C) PERM
E) ATS ROUTES, AREA NAVIGATION ROUTES AND
NAME CODE DESIGNATORS FOR SIG POINTS
NEW RNAV ROUTE Z250 INSTALLED LUCCO TO SUMIN TO HAVEN
ROW 1
Z250 (RNP/RNAV)
ROW 2 
LUCCO     552048.54N 0043341.11W   EASTBOUND ROUTE ONLY.
                                   EXTREMITY OF Z250
ROW 3
(RNAV 1)  -/093.236DEG TRUE  17.383NM  FL255/ALT 5500FT   ODD 
FL70/FL230
REMARKS COLUMN FL255/FL195 CLASS C. FL195/ALT 5500FT CLASS D. 
SCOTTISH CONTROL (PRESTWICK) FREQ: FREQ: 121.375 (BELOW FL195)
                                   FREQ: 124.825 (FL255-FL195)
ROW 4
SUMIN      551946N 0040318W
ROW 5
(RNAV 1)  -/077.237DEG TRUE  37.073NM  FL255/FL125   ODD FL130/FL230
REMARKS COLUMN FL255/FL195 CLASS C. FL195/FL125 CLASS D. 
SCOTTISH CONTROL (PRESTWICK) FREQ: FREQ: 130.975 (BELOW FL195)
                                   FREQ: 126.3 (FL255-FL195)
ROW 6
HAVEN      552740N 0025947W        EXTREMITY OF Z250
                                   INTERSECTION WITH Y96
AIP ENR 3.3  AND ENR 4.4 REFER",
              "title": "B0182/19 NOTAMN",
            },
            Object {
              "notam": "Q) EGPX/QWZLW/IV/M  /W /000/016/5601N00248W001
A) EGPX B) 1902090720 C) 1905102038
D) SR MINUS30-SS PLUS30
E) FLYING OF LARGE MODEL ACFT WI 1NM RADIUS OF 560050N 0024738W
(DREM, EAST LOTHIAN). FOR INFO, 07770 746850. 2018-05-0336/AS5.
F) SFC G) 1600FT AMSL",
              "title": "H0394/19 NOTAMN",
            },
            Object {
              "notam": "Q) EGPX/QOBCE/IV/M  /E /000/009/5821N00321W001
A) EGPX B) 1901311445 C) 1904302359
E) MAST IN LOW FLYING AREA 14 AND NIGHT SECTOR 1BE WI 1NM RADIUS OF
PSN 582102N 0032032W (UPPER LYBSTER, HIGHLANDS) MAX HEIGHT 262FT
AGL/842FT AMSL. 19/01/020/LFTP",
              "title": "K0011/19 NOTAMN",
            },
            Object {
              "notam": "Q) EGPX/QWMLW/IV/BO /W /000/160/5543N00448W002
A) EGPX B) 1903301200 C) 1903301700
E) MODEL ROCKET FIRING WI 2NM LOCATION 554300N 0044800W (FAIRLIE
MOOR, NORTH AYRSHIRE). LAUNCH SUBJ ATC CLR. FOR INFO 07733 250135.
2019-03-0013/AS2
F) SFC G) 16000FT AMSL",
              "title": "H0042/19 NOTAMN",
            },
            Object {
              "notam": "Q) EGPX/QOBCE/IV/M  /E /000/011/5601N00509W001
A) EGPX B) 1812200001 C) 1903172359
E) 
REPORT OF A CRANE IN LOW FLYING AREA 14 AND NIGHT SECTOR 1A WI 1NM 
RADIUS OF PSN 560045N 0050900W (DUNOON, ARGYLL AND
BUTE) MAX HEIGHT 265FT AGL/1080FT AMSL. 18/12/017/LFTP",
              "title": "K0208/18 NOTAMN",
            },
            Object {
              "notam": "Q) EGXX/QAFTT/IV/BO /E /000/999/5218N01451W999
A) EGTT EGPX EGGX B) 1902280000 C) 1903142359
E) 
TRIGGER NOTAM - PERM AIRAC AIP AMDT 03/19 WEF 28 FEB 2019. MULTIPLE 
CHANGES, SEE COVER SHEET FOR FULL DETAILS.",
              "title": "B0062/19 NOTAMN",
            },
            Object {
              "notam": "Q) EGPX/QATXX/IV/NBO/E /000/195/5507N00402W005
A) EGPX B) 1903120900 C) 1903141800
E) EMERGENCY MANDATORY TRANSPONDER ZONE ESTABLISHED IN A PORTION OF
THE SCOTTISH TMA/CONTROLLED AIRSPACE DUE TO LOWTHER HILL PRIMARY
RADAR ON MAINTENANCE. AFFECTED AREA IS DEFINED BY COORD 
551137N 0040215W - 550606N 0040838W - 550312N 0040022W - 
550858N 0035443W - 551137N 0040215W, BTN SFC/FL195. ALL ACFT OPR WI 
CONTROLLED AIRSPACE IN THIS AREA ARE REQUIRED TO OPERATE A 
SERVICEABLE TRANSPONDER.",
              "title": "B0127/19 NOTAMN",
            },
            Object {
              "notam": "Q) EGPX/QWMLW/IV/BO /W /000/160/5543N00448W002
A) EGPX B) 1903091200 C) 1903091700
E) MODEL ROCKET FIRING WI 2NM LOCATION 554300N 0044800W (FAIRLIE
MOOR, NORTH AYRSHIRE). LAUNCH SUBJ ATC CLR. FOR INFO 07733 250135.
2019-03-0012/AS2
F) SFC G) 16000FT AMSL",
              "title": "H0034/19 NOTAMN",
            },
            Object {
              "notam": "Q) EGPX/QRDCA/IV/BO /W /000/021/5736N00403W002
A) EGPX B) 1902011600 C) 1902282359
D) 1600-2359
E) DANGER AREA EG D702 FORT GEORGE ACTIVATED
F) SFC G) 2100FT  AMSL",
              "title": "D0104/19 NOTAMN",
            },
            Object {
              "notam": "Q) EGXX/QRDCA/IV/BO /W /000/350/5507N00523W012
A) EGTT EGPX B) 1902261500 C) 1902272359
E) DANGER AREA EG D509 CAMPBELTOWN ACTIVATED
F) SFC G) 35000FT AMSL",
              "title": "F0027/19 NOTAMN",
            },
            Object {
              "notam": "Q) EGPX/QWZLW/IV/M  /W /000/020/5515N00153W001
A) EGPX B) 1902021030 C) 1902271700
D) 02 03 06 09 10 13 16 17 20 23 24 27 1030-1700
E) FLYING OF LARGE MODEL ACFT. ACTIVITY WI 1NM RADIUS OF 
551444N 0015250W (RITTON, NORTHUMBERLAND).  FOR INFO CONTACT 07802 
694686.
2019-02-0077/AS2.
F) SFC G) 2000FT AMSL",
              "title": "H0307/19 NOTAMN",
            },
            Object {
              "notam": "Q) EGPX/QOBCE/IV/M  /E /000/006/5827N00324W001
A) EGPX B) 1811280920 C) 1902252359
E) 
UNVERIFIED REPORT OF A MAST IN LOW FLYING AREA 14 AND 14T AND NIGHT
SECTOR 1BE WI 1NM RADIUS OF PSN 582710N 0032426W 
(MOSS OF TOFTINGALL, CAITHNESS) MAX HEIGHT 269FT AGL/549FT AMSL.
18/11/043/LFTP",
              "title": "K0194/18 NOTAMN",
            },
            Object {
              "notam": "Q) EGPX/QOBCE/IV/M  /E /000/003/5832N00202W001
A) EGPX B) 1811280900 C) 1902252359
E) UNVERIFIED REPORT OF A MAST IN LOW FLYING AREA 14 WI 1NM RADIUS OF
PSN 583228N 0020154W (NORTH SEA) MAX HEIGHT 269FT AGL/269FT AMSL.
18/11/044/LFTP",
              "title": "K0195/18 NOTAMN",
            },
            Object {
              "notam": "Q) EGPX/QNMAS/IV/BO /E /000/999/5519N00447W025
A) EGPX B) 1902180900 C) 1902181700
E) TURNBERRY DVOR/DME TRN FREQ 117.5 MHZ CH122X, BOTH U/S",
              "title": "B0190/19 NOTAMN",
            },
            Object {
              "notam": "Q) EGPX/QWMLW/IV/BO /W /000/009/5556N00247W001
A) EGPX B) 1902172115 C) 1902172215
E) FIREWORK DISPLAY WI 0.5NM RADIUS 555549N 0024642W (COLSTOUN HOUSE,
VCY HADDINGTON, EAST LOTHIAN). FOR INFO 07419 812900.
2019-02-0053/AS2
F) SFC G) 900FT AMSL",
              "title": "H0135/19 NOTAMN",
            },
            Object {
              "notam": "Q) EGPX/QWMLW/IV/BO /W /000/160/5543N00448W002
A) EGPX B) 1902161200 C) 1902161700
E) MODEL ROCKET FIRING WI 2NM LOCATION 554300N 0044800W (FAIRLIE
MOOR, NORTH AYRSHIRE). LAUNCH SUBJ ATC CLR. FOR INFO 07733 250135.
2019-02-0022/AS2
F) SFC G) 16000FT AMSL",
              "title": "H0030/19 NOTAMN",
            },
            Object {
              "notam": "Q) EGPX/QWELW/IV/BO /W /000/400/5728N00552W151
A) EGPX B) 1902040900 C) 1902151600
D) 0900-1600
E) GPS SIGNAL JAMMING. GND JAMMERS LOCATED PSN 572821N 0055222W (VCY
APPLECROSS, SCOTLAND). EMERGENCY CEASE JAM CONTACT 01520 744319
OR 01397 436740/41. DURING TRIAL GPS REC MAY SUFFER 
INTERMITTENT/TOTAL FAILURE,OR GIVE INCORRECT PSN INFO UP TO 151NM 
FROM TRANSMITTER SITE. CREWS SHOULD BE AWARE OF THESE LIMITATIONS 
AND USE ALT MEANS OF NAV. FOR INFO 01980 957597. 2019-02-0071/AS3
F) SFC G) 40000FT AMSL",
              "title": "H0322/19 NOTAMN",
            },
            Object {
              "notam": "Q) EGPX/QRDCA/IV/BO /W /000/030/5629N00244W003
A) EGPX B) 1902070900 C) 1902151600
D) 07 08 15 0900-1600, 11-14 0900-2359
E) DANGER AREA EG D604 BARRY BUDDON ACTIVATED
F) SFC G) 3000FT AMSL",
              "title": "D0115/19 NOTAMN",
            },
            Object {
              "notam": "Q) EGXX/QAFTT/IV/BO /E /000/999/5218N01451W999
A) EGTT EGPX EGGX B) 1901310000 C) 1902142359
E) TRIGGER NOTAM - PERM AIRAC AIP AMDT 02/2019 WEF 31 JAN 19.
MULTIPLE CHANGES, SEE COVER SHEET FOR FULL DETAILS",
              "title": "B2576/18 NOTAMN",
            },
            Object {
              "notam": "Q) EGPX/QOLAS/IV/M  /E /000/013/5811N00635W001
A) EGPX B) 1901140916 C) 1902142359
E) AIR NAV OBST LGT UK0150J095F RTM SINGLE EITSHAL U/S PSN 
581044.81N 0063505.79W. ELEV 1233FT/HGT 569FT",
              "title": "N0016/19 NOTAMN",
            },
            Object {
              "notam": "Q) EGPX/QRDCA/IV/BO /W /000/065/5511N00654W003
A) EGPX B) 1902120830 C) 1902142345
D) 0830-2345
E) DANGER AREA EG D505 MAGILLIGAN ACTIVATED
F) SFC G) 6500FT AMSL",
              "title": "D0138/19 NOTAMN",
            },
            Object {
              "notam": "Q) EGPX/QWGLW/IV/M  /W /100/195/5736N00430W129
A) EGPX B) 1902140743 C) 1902141714
E) GLD FLY WO SSR TRANSPONDER WI 
560000N 0070000W - 575000N 0070000W - 591500N 0040000W - 
591500N 0020000W - 573000N 0020000W - 560000N 0020000W - 
560000N 0070000W 
REF AIP ENR 1.1
F) FL100 G) FL195",
              "title": "H0433/19 NOTAMN",
            },
            Object {
              "notam": "Q) EGXX/QWELW/IV/BO /W /050/660/5526N00035W089
A) EGTT EGPX B) 1902121030 C) 1902141400
D) 12 14 1030-1400
E) MIL EXERCISE. INTENSE FAST JET AERIAL ACTIVITY. ACFT MAY BE UNABLE
TO COMPLY WITH RAC. NON-PARTICIPATING MIL ACFT ARE REQUESTED TO AVOID
THE AREA WI AREA BOUNDED BY 560938N 0024841W - 561625N 0023238W - 
561449N 0001312W - 555631N 0005309E - 553914N 0015615E - 
542636N 0011534E - 543003N 0005954E - 544237N 0001428E - 
550035N 0005050W - 550434N 0010814W - 550716N 0011424W - 
551332N 0012117W - 551115N 0013048W - 560938N 0024841W. 
ACN 2019-02-0002 REFERS.FOR INFO 01489 612943. 19-02-0002/AS3
F) FL050 G) FL660",
              "title": "H0381/19 NOTAMN",
            },
            Object {
              "notam": "Q) EGXX/QCACF/IV/B  /E /000/999/5504N00500W999
A) EGTT EGPX B) 1901310001 C) 1902132359
E) 8.33 KHZ CHANGES. PLANNED TRANSITION OF FREQUENCY ASSIGNMENTS TO
8.33 KHZ SPACING IS DETAILED IN AIP SUP 03/2019. PILOTS ARE TO NOTE
THAT OTHER AIC SOURCES OF INFORMATION REGARDING RADIO CHANNELS MAY BE
OUT OF DATE DURING 2018 AND AIRSPACE USERS ARE ADVISED TO REFER TO
THIS SUPPLEMENT FOR LATEST INFORMATION). AR-2019-01-0173-AS6",
              "title": "B0103/19 NOTAMN",
            },
            Object {
              "notam": "Q) EGXX/QRMCA/IV/BO /W /195/245/5417N00056E097
A) EGTT EGPX B) 1902131700 C) 1902131845
E) THE FOLLOWING TRA ARE ACTIVATED:
TRA 006  1700-1845 FL195-FL245
F) FL195 G) FL245",
              "title": "M0727/19 NOTAMN",
            },
            Object {
              "notam": "Q) EGXX/QRDCA/IV/BO /W /050/660/5446N00024E048
A) EGTT EGPX B) 1902130830 C) 1902131800
E) THE FOLLOWING SOUTHERN MANAGED DANGER AREAS ARE ACTIVATED:
EG D323A 0830-1000 FL050-FL660
EG D323A 1000-1115 FL050-FL660
EG D323A 1115-1230 FL050-FL660
EG D323A 1230-1400 FL050-FL660
EG D323A 1400-1500 FL050-FL660
EG D323A 1500-1600 FL050-FL660
EG D323A 1600-1800 FL050-FL660
EG D323B 0830-1000 FL050-FL660
EG D323B 1000-1115 FL050-FL660
EG D323B 1115-1230 FL050-FL660
EG D323B 1230-1400 FL050-FL660
EG D323B 1400-1500 FL050-FL660
EG D323B 1500-1600 FL050-FL660
EG D323B 1600-1800 FL050-FL660
F) FL050 G) FL660",
              "title": "M0734/19 NOTAMN",
            },
            Object {
              "notam": "Q) EGPX/QWGLW/IV/M  /W /100/195/5736N00430W129
A) EGPX B) 1902130745 C) 1902131712
E) GLD FLY WO SSR TRANSPONDER WI 
560000N 0070000W - 575000N 0070000W - 591500N 0040000W - 
591500N 0020000W - 573000N 0020000W - 560000N 0020000W - 
560000N 0070000W 
REF AIP ENR 1.1
F) FL100 G) FL195",
              "title": "H0432/19 NOTAMN",
            },
            Object {
              "notam": "Q) EGXX/QWYLW/V /M  /W /000/065/5504N00500W999
A) EGTT EGPX B) 1902130800 C) 1902131700
E) PIPELINE INSPECTION NOTIFICATION PROCEDURE SYSTEM  WILL TAKE
PLACE IN THE FOLLOWING LOW FLYING AREA(S) 1, 4, 5, 6, 8, 9, 10,
11N, 11S, 12, 13, 14E, 16, 17, 18, 19, AND THE THAMES VALLEY
AVOIDANCE AREA UK AIP ENR 6 (PINS AREAS AND UK DAY LOW FLYING
SYSTEM (DLFS)REFERS 
19/02/021/LFBC
F) SFC G) 2000FT AGL",
              "title": "H0450/19 NOTAMN",
            },
            Object {
              "notam": "Q) EGPX/QRDCA/IV/BO /W /000/550/5837N00204W049
A) EGPX B) 1902130930 C) 1902131400
E) THE FOLLOWING MORAY FIRTH DANGER AREAS ARE ACTIVATED:
EG D809(N) 0930-1100 SFC-55000FT AMSL
EG D809(N) 1230-1400 SFC-55000FT AMSL
EG D809(C) 0930-1100 SFC-55000FT AMSL
EG D809(C) 1230-1400 SFC-55000FT AMSL
EG D809(S) 0930-1100 SFC-55000FT AMSL
EG D809(S) 1230-1400 SFC-55000FT AMSL
F) SFC G) 55000FT AMSL",
              "title": "M0740/19 NOTAMN",
            },
            Object {
              "notam": "Q) EGPX/QRDCA/IV/BO /W /100/660/5640N00006E072
A) EGPX B) 1902131230 C) 1902131345
E) THE FOLLOWING CENTRAL MANAGED DANGER AREAS ARE ACTIVATED:
EG D613A 1230-1345 FL100-FL660
EG D613B 1230-1345 FL100-FL660
EG D613C 1230-1345 FL100-FL660
EG D613D 1230-1345 FL100-FL660
F) FL100 G) FL660",
              "title": "M0739/19 NOTAMN",
            },
            Object {
              "notam": "Q) EGPX/QRDCD/IV/BO /W /000/055/5506N00238W014
A) EGPX B) 1902130900 C) 1902131330
E) THE FOLLOWING DANGER AREAS ARE DEACTIVATED
EG D510A SPADEADAM
EG D510B SPADEADAM
F) SFC G) 5500FT AMSL",
              "title": "D0143/19 NOTAMN",
            },
            Object {
              "notam": "Q) EGPX/QRDXX/IV/BO /W /000/055/5503N00235W002
A) EGPX B) 1902130900 C) 1902131330
E) SPADEADAM DANGER AREAS
EG D510C SPADEADAM
NO DANGER AREA CROSSING SERVICE AVAILABLE.
F) SFC G) 5500FT AMSL",
              "title": "D0144/19 NOTAMN",
            },
            Object {
              "notam": "Q) EGPX/QRDCA/IV/BO /W /000/230/5530N00035W032
A) EGPX B) 1902131115 C) 1902131230
E) THE FOLLOWING DRURIDGE BAY DANGER AREAS ARE ACTIVATED:
EG D513  1115-1230 SFC-10000FT AMSL
EG D513A 1115-1230 SFC-23000FT AMSL
EG D513B 1115-1230 SFC-23000FT AMSL
F) SFC G) 23000FT AMSL",
              "title": "M0738/19 NOTAMN",
            },
          ],
          "metar": Array [
            "METAR EGPK 122250Z 16008KT 9999 FEW025 08/07 Q1025",
            "METAR EGPK 122220Z 16003KT 9999 FEW025 07/06 Q1025",
            "METAR EGPK 122150Z VRB03KT 9999 FEW025 08/07 Q1025",
            "METAR EGPK 122120Z VRB03KT 9999 FEW025 08/07 Q1025",
            "METAR EGPK 122050Z 16004KT 9999 FEW025 09/08 Q1025",
            "METAR EGPK 122020Z 20006KT 9999 FEW025 11/09 Q1026",
            "METAR EGPK 121950Z 23009KT 9999 FEW025 11/09 Q1026",
            "METAR EGPK 121920Z 22010KT 9999 FEW025 11/09 Q1025",
          ],
          "notam": Array [
            Object {
              "notam": "Q) EGPX/QPDCH/I /NBO/A /000/999/5531N00436W005
A) EGPK B) 1902280001 C) PERM
E) FLIGHT PROCEDURES
3 PROCEDURES FOR OUTBOUND AIRCRAFT. CHANGE TO READ
(A) STANDARD INSTRUMENT DEPARTURES FROM PRESTWICK ARE AS FOLLOWS 
(SEE AD2-EGPK-6-1/2):
P600 VIA TRN
N560 VIA TRN TO GOW
L602 VIA TRN TO GOW
UL612 NORTH VIA TRN TO GOW
T256/UT256 DEPARTING RUNWAY 30, LUCCO Z248 OSMEG T256 DCS
T256/UT256 DEPARTING RUNWAY 12, SUDBY Z249 OSMEG T256 DCS
Y96 DEPARTING RUNWAY 30, LUCCO Z250 HAVEN
Y96 DEPARTING RUNWAY 12, SUMIN Z250 HAVEN
N562 DEPARTING RUNWAY 30, DAUNT Z246 HERON
N562 DEPARTING RUNWAY 12, OKNOB Z247 HERON
(B) NORTH ATLANTIC DEPARTURES.
(I) DUE TO THE PROXIMITY OF THE SHANWICK OCEANIC BOUNDARY TO 
PRESTWICK, PILOTS OF JET AIRCRAFT PLANNED TO ENTER SHANWICK AIRSPACE 
AT GOMUP AND ETILO SHOULD CONTACT OCEAN DELIVERY PRIOR TO DEPARTURE. 
ON ALL OTHER OCEANIC ROUTES THIS CLEARANCE CAN BE OBTAINED AFTER THE 
AIRCRAFT IS AIRBORNE. ENR 2.2, PARAGRAPH 3.8.2 REFERS.
(II) PILOTS ARE REMINDED THAT THE OCEANIC CLEARANCE (INCLUDING LEVEL 
ALLOCATION) IS VALID ONLY FROM THE OCA ENTRY POINT.
DOMESTIC ATC CLEARANCE TO THE OCA ENTRY POINT IS ISSUED SEPARATELY.
(III) WHEN TRA 008 (ENR 5.2 AND ENR 6) IS ACTIVE, AIRCRAFT ENTERING 
SHANWICK/REYKJAVIK AIRSPACE AT ETILO, ERAKA, ADODO, BALIX, ORTAV, 
ATSIX, LUSEN OR RATSU SHOULD FILE VIA TRN GOW
EGPK AD 2.22 REFERS",
              "title": "A4134/18 NOTAMN",
            },
            Object {
              "notam": "Q) EGPX/QCACF/IV/B  /AE/000/055/5530N00435W014
A) EGPK B) 1812281146 C) PERM
E) THE FOLLOWING FREQ ARE AMENDED DUE 8.33 MHZ CHANGES:
PRESTWICK RAD STANDBY FREQ 124.625 REPLACED BY 124.630 MHZ
PRESTWICK TWR STANDBY FREQ 127.150 REPLACED BY 127.155 MHZ
PRESTWICK ATIS FREQ 121.125 REPLACED BY 121.130 MHZ
UK AIP AD 2.18 AND ALL RELEVANT IAC REFER",
              "title": "A4190/18 NOTAMR A4130/18",
            },
            Object {
              "notam": "Q) EGPX/QPDCH/I /NBO/A /000/999/5531N00436W005
A) EGPK B) 1902280000 C) PERM
E) AMEND THE FOLLOWING SID CHARTS 
AD 2 EGPK 6-1 AMEND NOTE 2 CRITICAL NAVAID DND TO READ DUD.
AD 2 EGPK 6-2 AMEND NOTE 1 CRITICAL NAVAID DND TO READ DUD.
AIP EGPK AD 2 6-1/6-2 REFERS",
              "title": "A0344/19 NOTAMN",
            },
            Object {
              "notam": "Q) EGPX/QPIAU/I /NBO/A /000/999/5531N00436W005
A) EGPK B) 1902280001 C) 1904302359
E) WITH REFERENCE TO THE RNAV 1 APPROACH TRANSITION CHARTS. AD2 EGPK
7-3, AD2 EGPK 7-4 AND AD2 EGPK 7-5 ARE NOT AVAILABLE.",
              "title": "A0415/19 NOTAMN",
            },
            Object {
              "notam": "Q) EGPX/QFAHX/IV/NBO/A /000/999/5531N00436W005
A) EGPK B) 1901141800 C) 1903141415
E) HIGH BIRD ACTIVITY IN THE VICINITY AND EAST OF RWY03 APPROACH",
              "title": "A0116/19 NOTAMN",
            },
            Object {
              "notam": "Q) EGPX/QOBCE/IV/M  /AE/000/002/5534N00438W001
A) EGPK B) 1902270800 C) 1902271800
E) CRANE OPR 553339N 0043805W TROON. HEIGHT 115FT AGL/176FT AMSL.",
              "title": "A0210/19 NOTAMN",
            },
            Object {
              "notam": "Q) EGPX/QOBCE/IV/M  /AE/000/002/5534N00438W001
A) EGPK B) 1902260800 C) 1902261800
E) CRANE OPR 553339N 0043805W TROON. HEIGHT 115FT AGL/176FT AMSL.",
              "title": "A0211/19 NOTAMN",
            },
            Object {
              "notam": "Q) EGPX/QOBCE/IV/M  /AE/000/002/5534N00438W001
A) EGPK B) 1902250800 C) 1902251800
E) CRANE OPR PSN 553339N 0043805W (TROON) HGT 115FT AGL/176FT AMSL.",
              "title": "A0217/19 NOTAMN",
            },
            Object {
              "notam": "Q) EGPX/QOBCE/IV/M  /AE/000/002/5534N00438W001
A) EGPK B) 1902200800 C) 1902221800
D) 0800-1800
E) 
CRANE OPR AT 553339N 0043805W (TROON). HEIGHT 115FT AGL, 176FT AMSL.",
              "title": "A0218/19 NOTAMN",
            },
            Object {
              "notam": "Q) EGPX/QMXLC/IV/M  /A /000/999/5531N00436W005
A) EGPK B) 1902061337 C) 1902151700
E) LINK JULLIET CLOSED DUE WORK IN PROGRESS.",
              "title": "A0367/19 NOTAMR A0254/19",
            },
            Object {
              "notam": "Q) EGPX/QOBCE/IV/M  /AE/000/002/5534N00438W001
A) EGPK B) 1902130800 C) 1902131800
E) CRANE OPR 553339N 0043805W TROON. HEIGHT 115FT AGL/176FT AMSL.",
              "title": "A0212/19 NOTAMN",
            },
          ],
          "taf": Array [
            "TAF AMD EGPK 122117Z 1221/1318 19009KT 9999 FEW020 SCT030 TEMPO 1300/1310 BKN012",
            "PROB30 TEMPO 1301/1303 4000 RADZ BKN007",
            "PROB30 TEMPO 1303/1318 21015G25KT",
          ],
        },
        "Timestamp": "2019-02-12T23:02:40.920Z",
        "other_notam": Object {
          "CZNB": Array [
            Object {
              "notam": "",
              "title": "NO NOTAM ON FILE FOR THIS IDENTIFIER",
            },
          ],
          "KGPS": Array [
            Object {
              "notam": "GPS NAV PRN 26 U/S 1902141745-1902150545",
              "title": "!GPS 02/051",
            },
          ],
          "national": Array [
            Object {
              "notam": "CYHQ AMEND PUB: WESTBOUND ROUTES NON COMMON PORTION:
LANDING DETROIT: ROUTES TO READ:
VIA ALLEX, BRADD, EBONY AND TUSKY: GONZZ DONEO TPGUN (RNAV)-STAR
VIA KANNI AND WHALE: CAM Q822 GONZZ DONEO TPGUN (RNAV)-STAR
VIA MIILS, QUBIS, TAFFY AND TOPPS:
VILRO Q806 BOBTA TPGUN (RNAV)-STAR
VIA ROUND AND VANSI: YVO BOBTA TPGUN (RNAV)-STAR
VIA SAILE AND VITOL:
ACK J62 RBV J230 SAAME BRNAN Q42 PSYKO KOZAR BONZZ (RNAV)-STAR
VIA YBC: VBS KENLU BOBTA TPGUN (RNAV)-STAR
VIA MT AND YRI: BOBTA TPGUN (RNAV)-STAR",
              "title": "180011 CYHQ NATIONAL",
            },
          ],
        },
      }
    }
  />,
  Symbol(enzyme.__renderer__): Object {
    "batchedUpdates": [Function],
    "checkPropTypes": [Function],
    "getNode": [Function],
    "render": [Function],
    "simulateError": [Function],
    "simulateEvent": [Function],
    "unmount": [Function],
  },
  Symbol(enzyme.__node__): Object {
    "instance": null,
    "key": undefined,
    "nodeType": "host",
    "props": Object {
      "children": <div
        className="user-content margin-6225"
      >
        <div
          className="lds-ring"
        >
          <div />
          <div />
          <div />
          <div />
        </div>
      </div>,
      "className": "content",
    },
    "ref": null,
    "rendered": Object {
      "instance": null,
      "key": undefined,
      "nodeType": "host",
      "props": Object {
        "children": <div
          className="lds-ring"
        >
          <div />
          <div />
          <div />
          <div />
        </div>,
        "className": "user-content margin-6225",
      },
      "ref": null,
      "rendered": Object {
        "instance": null,
        "key": undefined,
        "nodeType": "host",
        "props": Object {
          "children": Array [
            <div />,
            <div />,
            <div />,
            <div />,
          ],
          "className": "lds-ring",
        },
        "ref": null,
        "rendered": Array [
          Object {
            "instance": null,
            "key": undefined,
            "nodeType": "host",
            "props": Object {},
            "ref": null,
            "rendered": null,
            "type": "div",
          },
          Object {
            "instance": null,
            "key": undefined,
            "nodeType": "host",
            "props": Object {},
            "ref": null,
            "rendered": null,
            "type": "div",
          },
          Object {
            "instance": null,
            "key": undefined,
            "nodeType": "host",
            "props": Object {},
            "ref": null,
            "rendered": null,
            "type": "div",
          },
          Object {
            "instance": null,
            "key": undefined,
            "nodeType": "host",
            "props": Object {},
            "ref": null,
            "rendered": null,
            "type": "div",
          },
        ],
        "type": "div",
      },
      "type": "div",
    },
    "type": "div",
  },
  Symbol(enzyme.__nodes__): Array [
    Object {
      "instance": null,
      "key": undefined,
      "nodeType": "host",
      "props": Object {
        "children": <div
          className="user-content margin-6225"
        >
          <div
            className="lds-ring"
          >
            <div />
            <div />
            <div />
            <div />
          </div>
        </div>,
        "className": "content",
      },
      "ref": null,
      "rendered": Object {
        "instance": null,
        "key": undefined,
        "nodeType": "host",
        "props": Object {
          "children": <div
            className="lds-ring"
          >
            <div />
            <div />
            <div />
            <div />
          </div>,
          "className": "user-content margin-6225",
        },
        "ref": null,
        "rendered": Object {
          "instance": null,
          "key": undefined,
          "nodeType": "host",
          "props": Object {
            "children": Array [
              <div />,
              <div />,
              <div />,
              <div />,
            ],
            "className": "lds-ring",
          },
          "ref": null,
          "rendered": Array [
            Object {
              "instance": null,
              "key": undefined,
              "nodeType": "host",
              "props": Object {},
              "ref": null,
              "rendered": null,
              "type": "div",
            },
            Object {
              "instance": null,
              "key": undefined,
              "nodeType": "host",
              "props": Object {},
              "ref": null,
              "rendered": null,
              "type": "div",
            },
            Object {
              "instance": null,
              "key": undefined,
              "nodeType": "host",
              "props": Object {},
              "ref": null,
              "rendered": null,
              "type": "div",
            },
            Object {
              "instance": null,
              "key": undefined,
              "nodeType": "host",
              "props": Object {},
              "ref": null,
              "rendered": null,
              "type": "div",
            },
          ],
          "type": "div",
        },
        "type": "div",
      },
      "type": "div",
    },
  ],
  Symbol(enzyme.__options__): Object {
    "adapter": ReactSixteenAdapter {
      "options": Object {
        "enableComponentDidUpdateOnSetState": true,
        "legacyContextMode": "parent",
        "lifecycles": Object {
          "componentDidUpdate": Object {
            "onSetState": true,
          },
          "getChildContext": Object {
            "calledByRenderer": false,
          },
          "getDerivedStateFromProps": true,
          "getSnapshotBeforeUpdate": true,
          "setState": Object {
            "skipsComponentDidUpdateOnNullish": true,
          },
        },
      },
    },
  },
}
`;
