// Jest Snapshot v1, https://goo.gl/fbAQLP

exports[`Content renders properly when empty 1`] = `
ShallowWrapper {
  Symbol(enzyme.__root__): [Circular],
  Symbol(enzyme.__unrendered__): <Content />,
  Symbol(enzyme.__renderer__): Object {
    "batchedUpdates": [Function],
    "checkPropTypes": [Function],
    "getNode": [Function],
    "render": [Function],
    "simulateError": [Function],
    "simulateEvent": [Function],
    "unmount": [Function],
  },
  Symbol(enzyme.__node__): Object {
    "instance": null,
    "key": undefined,
    "nodeType": "host",
    "props": Object {
      "children": <div
        className="user-content margin-6225"
      >
        <div
          className="lds-ring"
        >
          <div />
          <div />
          <div />
          <div />
        </div>
      </div>,
      "className": "content",
    },
    "ref": null,
    "rendered": Object {
      "instance": null,
      "key": undefined,
      "nodeType": "host",
      "props": Object {
        "children": <div
          className="lds-ring"
        >
          <div />
          <div />
          <div />
          <div />
        </div>,
        "className": "user-content margin-6225",
      },
      "ref": null,
      "rendered": Object {
        "instance": null,
        "key": undefined,
        "nodeType": "host",
        "props": Object {
          "children": Array [
            <div />,
            <div />,
            <div />,
            <div />,
          ],
          "className": "lds-ring",
        },
        "ref": null,
        "rendered": Array [
          Object {
            "instance": null,
            "key": undefined,
            "nodeType": "host",
            "props": Object {},
            "ref": null,
            "rendered": null,
            "type": "div",
          },
          Object {
            "instance": null,
            "key": undefined,
            "nodeType": "host",
            "props": Object {},
            "ref": null,
            "rendered": null,
            "type": "div",
          },
          Object {
            "instance": null,
            "key": undefined,
            "nodeType": "host",
            "props": Object {},
            "ref": null,
            "rendered": null,
            "type": "div",
          },
          Object {
            "instance": null,
            "key": undefined,
            "nodeType": "host",
            "props": Object {},
            "ref": null,
            "rendered": null,
            "type": "div",
          },
        ],
        "type": "div",
      },
      "type": "div",
    },
    "type": "div",
  },
  Symbol(enzyme.__nodes__): Array [
    Object {
      "instance": null,
      "key": undefined,
      "nodeType": "host",
      "props": Object {
        "children": <div
          className="user-content margin-6225"
        >
          <div
            className="lds-ring"
          >
            <div />
            <div />
            <div />
            <div />
          </div>
        </div>,
        "className": "content",
      },
      "ref": null,
      "rendered": Object {
        "instance": null,
        "key": undefined,
        "nodeType": "host",
        "props": Object {
          "children": <div
            className="lds-ring"
          >
            <div />
            <div />
            <div />
            <div />
          </div>,
          "className": "user-content margin-6225",
        },
        "ref": null,
        "rendered": Object {
          "instance": null,
          "key": undefined,
          "nodeType": "host",
          "props": Object {
            "children": Array [
              <div />,
              <div />,
              <div />,
              <div />,
            ],
            "className": "lds-ring",
          },
          "ref": null,
          "rendered": Array [
            Object {
              "instance": null,
              "key": undefined,
              "nodeType": "host",
              "props": Object {},
              "ref": null,
              "rendered": null,
              "type": "div",
            },
            Object {
              "instance": null,
              "key": undefined,
              "nodeType": "host",
              "props": Object {},
              "ref": null,
              "rendered": null,
              "type": "div",
            },
            Object {
              "instance": null,
              "key": undefined,
              "nodeType": "host",
              "props": Object {},
              "ref": null,
              "rendered": null,
              "type": "div",
            },
            Object {
              "instance": null,
              "key": undefined,
              "nodeType": "host",
              "props": Object {},
              "ref": null,
              "rendered": null,
              "type": "div",
            },
          ],
          "type": "div",
        },
        "type": "div",
      },
      "type": "div",
    },
  ],
  Symbol(enzyme.__options__): Object {
    "adapter": ReactSixteenAdapter {
      "options": Object {
        "enableComponentDidUpdateOnSetState": true,
        "legacyContextMode": "parent",
        "lifecycles": Object {
          "componentDidUpdate": Object {
            "onSetState": true,
          },
          "getChildContext": Object {
            "calledByRenderer": false,
          },
          "getDerivedStateFromProps": true,
          "getSnapshotBeforeUpdate": true,
          "setState": Object {
            "skipsComponentDidUpdateOnNullish": true,
          },
        },
      },
    },
  },
}
`;

exports[`content renders properly with data 1`] = `
ShallowWrapper {
  Symbol(enzyme.__root__): [Circular],
  Symbol(enzyme.__unrendered__): <Content
    data={
      Object {
        "CYMX": Object {
          "metar": Array [
            "METAR CYMX 012000Z 24011G19KT 45SM DRSN FEW250 M14/M23 A3024 RMK CI2 SLP251",
            "METAR CYMX 011900Z 24012G22KT 45SM DRSN FEW240 M14/M23 A3023 RMK CI1 SLP247",
            "METAR CYMX 011800Z 24010G19KT 45SM FEW240 M15/M22 A3024 RMK CI1 SLP250",
            "METAR CYMX 011800Z CCA 24010G19KT 45SM DRSN FEW240 M15/M22 A3024 RMK CI1 SLP250",
          ],
          "notam": Array [
            Object {
              "notam": "CYMX RSC 06/24 100 PCT BARE AND DRY. 1902012007",
              "title": "000000 CYMX MONTREAL INTL (MIRABEL)",
            },
            Object {
              "notam": "CYMX AMEND CFS: COMM: GND ADV: TO READ MIRABEL 121.8 (E)
(EMERGENCY ONLY 450-476-3141)",
              "title": "180368 CYMX MONTREAL INTL(MIRABEL)",
            },
            Object {
              "notam": "CYMX WEF 2018 AUG 16 1200 AMEND PUB: PRO: ADD:
THE MINISTER HAS AUTH SPECIFIC OPR RESTRICTIONS REGARDING COM
INTENDED FOR THE MF, AS WELL AS THE INTRODUCTION OF A GROUND
ADVISORY FREQ (GND ADV) PURSUANT TO CAR 602.97 (2), 602.98 (1)
AND 602.99.
DEP PROC: TO READ: PRIOR TO TAXI FOR DEP: CTC GND ADV ON 121.8
FOR CLR AND INITIAL ADVISORY INFO. AFTER RECEIVING INITIAL
ADVISORY INFO, GND ADV WILL INITIATE COM TRANSFER TO RDO 119.1
PRIOR TO ENTERING THE RUNWAY/DEP SURFACE.
PILOTS ARE REQUIRED TO ASCERTAIN THAT THERE IS NO LIKELIHOOD OF
COLLISION WITH ANOTHER ACFT OR A VEHICLE PRIOR TO DEP. (AS
STATED IN CAR 602.96, 2A AND B)
ADD: ARR PROC: AFTER EXITING THE RWY/ARR SURFACE AND REPORTING
CLEAR ON THE RDO FREQ, PILOTS WILL BE DIRECTED TO CTC GND ADV
ON 121.8 FOR GROUND TFC AND TAXIING INFO BFR ENTERING THE TWY.",
              "title": "180479 CYMX MONTREAL INTL(MIRABEL)",
            },
            Object {
              "notam": "CYMX REDL 11/29 U/S 1811222050 TIL 1902221600",
              "title": "180759 CYMX MONTREAL INTL(MIRABEL)",
            },
            Object {
              "notam": "CYMX PAPI 29 U/S 1811222050 TIL 1902221600",
              "title": "180760 CYMX MONTREAL INTL(MIRABEL)",
            },
            Object {
              "notam": "CYMX OBST LGT U/S TOWER 454214N 740759W (APRX 4 NM NW AD) 249 FT
AGL 577 MSL 1812101630 TIL 1902102359",
              "title": "180806 CYMX MONTREAL INTL(MIRABEL)",
            },
            Object {
              "notam": "CYMX MOBILE CRANE APRX 197 FT BFR THR 06 AND 3000 FT LEFT
EXTENDED RCL. 100 FT AGL 359 MSL. LGTD AND PAINTED. 1200-2300 DLY
1901071200 TIL 1902282300",
              "title": "190013 CYMX MONTREAL INTL(MIRABEL)",
            },
            Object {
              "notam": "CYMX MULTIPLE CRANES RADIUS 200 FT CENTRE 454103N 740057W
(APRX 4584 FT BEYOND THR 06 AND 2515 FT LEFT OF RCL)
120 FT AGL 363 MSL. LGTD AND PAINTED.
1901141100 TIL 1903300500",
              "title": "190054 CYMX MONTREAL INTL(MIRABEL)",
            },
            Object {
              "notam": "CYMX RWY 11/29 CLSD
JAN 25 2028-2130
JAN 25-27 SS-SR
JAN 28 1300-2130
JAN 28-MAR 28 SS-SR
1901252028 TIL 1903281100",
              "title": "190088 CYMX MONTREAL INTL(MIRABEL)",
            },
            Object {
              "notam": "YMX- VOR 116.7 UNMONITORED
1901291205 TIL 1902012359",
              "title": "190091 CYMX MONTREAL INTL(MIRABEL)",
            },
            Object {
              "notam": "CYMX TWY A CLSD BTN TWY H AND A5
1901301153 TIL 1904292000",
              "title": "190096 CYMX MONTREAL INTL(MIRABEL)",
            },
            Object {
              "notam": "CYMX VOR/DME RWY 11 APCH: VOR/DME STRAIGHT-IN MINIMA NOT AUTH
SS-SR
1901302045 TIL 1904250901",
              "title": "190099 CYMX MONTREAL INTL(MIRABEL)",
            },
            Object {
              "notam": "CYMX ILS RWY 11 APCH: ILS AND LOC STRAIGHT-IN MINIMA NOT AUTH
SS-SR
1901302045 TIL 1904250901",
              "title": "190100 CYMX MONTREAL INTL(MIRABEL)",
            },
            Object {
              "notam": "CYMX RNAV(GNSS) RWY 11 APCH:
LPV, LNAV/VNAV AND LNAV STRAIGHT-IN MINIMA NOT AUTH
SS-SR
1901302045 TIL 1904250901",
              "title": "190101 CYMX MONTREAL INTL(MIRABEL)",
            },
            Object {
              "notam": "CYMX RNAV(GNSS) RWY 29 APCH:
LPV, LNAV/VNAV AND LNAV STRAIGHT-IN MINIMA NOT AUTH
SS-SR
1901302045 TIL 1904250901",
              "title": "190102 CYMX MONTREAL INTL(MIRABEL)",
            },
            Object {
              "notam": "CYMX RWY 11/29 AVBL FOR MIL ACFT ONLY
AVBL AS TWY FOR ALL ACFT
JAN 30 2043-SS
JAN 31 SR-1500 1830-SS
FEB 01-MAR 28 SR-SS
1901302058 TIL 1903282300",
              "title": "190103 CYMX MONTREAL INTL(MIRABEL)",
            },
          ],
          "stationName": "MONTREAL INTL (MIRABEL)/QC",
          "taf": Array [
            "TAF CYMX 011742Z 0118/0218 25012G22KT P6SM SCT250",
            "BECMG 0122/0124 25007KT",
            "FM021000 24007KT P6SM BKN180",
            "FM021200 24008KT P6SM BKN050",
            "FM021400 23012G22KT 4SM -SN BLSN BKN020 OVC040 PROB30 0214/0218
     21/2SM -SN BLSN",
            "RMK NXT FCST BY 020000Z",
          ],
        },
        "EGPK": Object {
          "metar": Array [
            "METAR EGPK 012020Z 00000KT 9999 SCT040 M01/M02 Q1002",
            "METAR EGPK 011950Z 00000KT 8000 FEW020 SCT045 M01/M01 Q1002",
            "METAR EGPK 011920Z 00000KT 8000 FEW020 SCT030 M00/M01 Q1001",
            "METAR EGPK 011850Z 00000KT 8000 SCT030 00/M01 Q1001 RESN",
            "METAR EGPK 011820Z 00000KT 9999 -SHSN SCT035 M01/M02 Q1001",
            "METAR EGPK 011750Z 00000KT 9999 SCT035 M01/M03 Q1001",
            "METAR EGPK 011720Z 00000KT 9999 FEW025 00/M03 Q1000",
          ],
          "notam": Array [
            Object {
              "notam": "Q) EGPX/QPDCH/I /NBO/A /000/999/5531N00436W005
A) EGPK B) 1902280001 C) PERM
E) FLIGHT PROCEDURES
3 PROCEDURES FOR OUTBOUND AIRCRAFT. CHANGE TO READ
(A) STANDARD INSTRUMENT DEPARTURES FROM PRESTWICK ARE AS FOLLOWS 
(SEE AD2-EGPK-6-1/2):
P600 VIA TRN
N560 VIA TRN TO GOW
L602 VIA TRN TO GOW
UL612 NORTH VIA TRN TO GOW
T256/UT256 DEPARTING RUNWAY 30, LUCCO Z248 OSMEG T256 DCS
T256/UT256 DEPARTING RUNWAY 12, SUDBY Z249 OSMEG T256 DCS
Y96 DEPARTING RUNWAY 30, LUCCO Z250 HAVEN
Y96 DEPARTING RUNWAY 12, SUMIN Z250 HAVEN
N562 DEPARTING RUNWAY 30, DAUNT Z246 HERON
N562 DEPARTING RUNWAY 12, OKNOB Z247 HERON
(B) NORTH ATLANTIC DEPARTURES.
(I) DUE TO THE PROXIMITY OF THE SHANWICK OCEANIC BOUNDARY TO 
PRESTWICK, PILOTS OF JET AIRCRAFT PLANNED TO ENTER SHANWICK AIRSPACE 
AT GOMUP AND ETILO SHOULD CONTACT OCEAN DELIVERY PRIOR TO DEPARTURE. 
ON ALL OTHER OCEANIC ROUTES THIS CLEARANCE CAN BE OBTAINED AFTER THE 
AIRCRAFT IS AIRBORNE. ENR 2.2, PARAGRAPH 3.8.2 REFERS.
(II) PILOTS ARE REMINDED THAT THE OCEANIC CLEARANCE (INCLUDING LEVEL 
ALLOCATION) IS VALID ONLY FROM THE OCA ENTRY POINT.
DOMESTIC ATC CLEARANCE TO THE OCA ENTRY POINT IS ISSUED SEPARATELY.
(III) WHEN TRA 008 (ENR 5.2 AND ENR 6) IS ACTIVE, AIRCRAFT ENTERING 
SHANWICK/REYKJAVIK AIRSPACE AT ETILO, ERAKA, ADODO, BALIX, ORTAV, 
ATSIX, LUSEN OR RATSU SHOULD FILE VIA TRN GOW
EGPK AD 2.22 REFERS",
              "title": "A4134/18 NOTAMN",
            },
            Object {
              "notam": "Q) EGPX/QCACF/IV/B  /AE/000/055/5530N00435W014
A) EGPK B) 1812281146 C) PERM
E) THE FOLLOWING FREQ ARE AMENDED DUE 8.33 MHZ CHANGES:
PRESTWICK RAD STANDBY FREQ 124.625 REPLACED BY 124.630 MHZ
PRESTWICK TWR STANDBY FREQ 127.150 REPLACED BY 127.155 MHZ
PRESTWICK ATIS FREQ 121.125 REPLACED BY 121.130 MHZ
UK AIP AD 2.18 AND ALL RELEVANT IAC REFER",
              "title": "A4190/18 NOTAMR A4130/18",
            },
            Object {
              "notam": "Q) EGPX/QFAHX/IV/NBO/A /000/999/5531N00436W005
A) EGPK B) 1901141800 C) 1903141415
E) HIGH BIRD ACTIVITY IN THE VICINITY AND EAST OF RWY03 APPROACH",
              "title": "A0116/19 NOTAMN",
            },
            Object {
              "notam": "Q) EGPX/QOBCE/IV/M  /AE/000/002/5534N00438W001
A) EGPK B) 1902270800 C) 1902271800
E) CRANE OPR 553339N 0043805W TROON. HEIGHT 115FT AGL/176FT AMSL.",
              "title": "A0210/19 NOTAMN",
            },
            Object {
              "notam": "Q) EGPX/QOBCE/IV/M  /AE/000/002/5534N00438W001
A) EGPK B) 1902260800 C) 1902261800
E) CRANE OPR 553339N 0043805W TROON. HEIGHT 115FT AGL/176FT AMSL.",
              "title": "A0211/19 NOTAMN",
            },
            Object {
              "notam": "Q) EGPX/QOBCE/IV/M  /AE/000/002/5534N00438W001
A) EGPK B) 1902250800 C) 1902251800
E) CRANE OPR PSN 553339N 0043805W (TROON) HGT 115FT AGL/176FT AMSL.",
              "title": "A0217/19 NOTAMN",
            },
            Object {
              "notam": "Q) EGPX/QOBCE/IV/M  /AE/000/002/5534N00438W001
A) EGPK B) 1902200800 C) 1902221800
D) 0800-1800
E) 
CRANE OPR AT 553339N 0043805W (TROON). HEIGHT 115FT AGL, 176FT AMSL.",
              "title": "A0218/19 NOTAMN",
            },
            Object {
              "notam": "Q) EGPX/QOBCE/IV/M  /AE/000/002/5534N00438W001
A) EGPK B) 1902130800 C) 1902131800
E) CRANE OPR 553339N 0043805W TROON. HEIGHT 115FT AGL/176FT AMSL.",
              "title": "A0212/19 NOTAMN",
            },
            Object {
              "notam": "Q) EGPX/QOBCE/IV/M  /AE/000/002/5534N00438W001
A) EGPK B) 1902120800 C) 1902121800
E) CRANE OPR 553339N 0043805W TROON. HEIGHT 115FT AGL/176FT AMSL.",
              "title": "A0213/19 NOTAMN",
            },
            Object {
              "notam": "Q) EGPX/QMXLC/IV/M  /A /000/999/5531N00436W005
A) EGPK B) 1901281130 C) 1902081700
E) LINK JULLIET CLOSED DUE WORK IN PROGRESS",
              "title": "A0254/19 NOTAMN",
            },
            Object {
              "notam": "Q) EGPX/QOBCE/IV/M  /AE/000/002/5534N00438W001
A) EGPK B) 1901141530 C) 1902071630
E) CRANE OPERATING AT 553337N 0043809W BARASSIE, HEIGHT 132FT AGL,
189FT AMSL",
              "title": "A0114/19 NOTAMN",
            },
            Object {
              "notam": "Q) EGPX/QOBCE/IV/M  /AE/000/002/5534N00438W001
A) EGPK B) 1902050800 C) 1902061800
D) 0800-1800
E) 
CRANE OPR PSN 553339N 0043805W (TROON) MAX HGT 115FT AGL/176FT AMSL.",
              "title": "A0216/19 NOTAMN",
            },
            Object {
              "notam": "(SNOWTAM 0019
A) EGPK
B) 02011845 C) 12 F) 2/2/2
S) 02021200
T) RWY 03/21 CLOSED DUE ICE)",
              "title": "SWEG0019 EGPK 02011845 ",
            },
            Object {
              "notam": "Q) EGPX/QMRLC/IV/NBO/A /000/999/5531N00436W005
A) EGPK B) 1902011830 C) 1902021200
E) RWY 03/21 CLOSED DUE TO SNOW AND ICE",
              "title": "A0314/19 NOTAMN",
            },
          ],
          "taf": Array [
            "TAF AMD EGPK 011833Z 0118/0218 VRB04KT 9999 SCT040 TEMPO 0118/0121 4000 SHSN BKN008",
          ],
        },
        "other_notam": Object {
          "KGPS": Array [],
          "cznb": Array [
            Object {
              "notam": "",
              "title": "NO NOTAM ON FILE FOR THIS IDENTIFIER",
            },
          ],
          "fir": Object {
            "CZUL": Array [
              Object {
                "notam": "CZUL AMEND PUB: COPUR (5942N 06700W) MNM RECEPTION ALT TO READ
23,000 FT",
                "title": "150173 CZUL MONTREAL FIR",
              },
              Object {
                "notam": "CZUL AMEND PUB: NEW WIND FARM RADIUS 5.45 NM
CENTRE 480801N 685244W (APRX 26 NM SW RIMOUSKI AD)
574 FT AGL 2102 MSL LGTD AND NOT PAINTED",
                "title": "170651 CZUL MONTREAL FIR",
              },
              Object {
                "notam": "CZUL AMEND PUB: NEW TOWER 491503N 653204W
(APRX 40 NM E STE-ANNE-DES-MONTS) 305 FT AGL 850 MSL,
LGTD AND PAINTED",
                "title": "181211 CZUL MONTREAL FIR",
              },
              Object {
                "notam": "CZUL V360 BTN YZV VOR AND UAC NDB NOT SUITABLE FOR VOR NAV
1811021305 TIL APRX 1902021800",
                "title": "182585 CZUL MONTREAL FIR",
              },
              Object {
                "notam": "CZUL LGT OBST U/S TOWER 485924N 700004W (APRX 39 NM NW CYFE AD)
252 FT AGL 2237 MSL 1811081641 TIL 1902081600",
                "title": "182643 CZUL MONTREAL FIR",
              },
              Object {
                "notam": "CZUL OBST LGT U/S TOWER 494134N 755805W (APRX 56 NM W
CHIBOUGAMAU/CHAPAIS AD) 100 FT AGL 1055 MSL 1811090544 TIL
   1902082359",
                "title": "182645 CZUL MONTREAL FIR",
              },
              Object {
                "notam": "CZUL LGT OBST U/S TOWER 465553N 694920W (APRX 29 NM ESE CSE5) 215
FT AGL 1620 MSL 1811110530 TIL 1902112100",
                "title": "182658 CZUL MONTREAL FIR",
              },
              Object {
                "notam": "CZUL OBST LGT U/S TOWER 453524N 703957W (APRX 44 NM ENE CYSC)
198 FT AGL 2363 MSL
1811121600 TIL 1902041600",
                "title": "182666 CZUL MONTREAL FIR",
              },
              Object {
                "notam": "CZUL OBST LGT  U/S TOWER 453659N 703808W (APRX 46 NM NE CYSC)
198 FT AGL 2297 MSL
1811121600 TIL 1902041600",
                "title": "182667 CZUL MONTREAL FIR",
              },
              Object {
                "notam": "CZUL OBST LGT U/S TOWER 453312N 704056W (APRX 43 NM ENE CYSC)
198 FT AGL 2376 MSL
1811121613 TIL 1902041600",
                "title": "182668 CZUL MONTREAL FIR",
              },
              Object {
                "notam": "CZUL ALL ACFT OPERATING IN THE CIVILIAN TRAINING AREA
482807N 710859W-482355N 711348W-482510N 713033W-483002N 712400W
482807N 710859W (CENTRE APRX 15 NM NW CYBG) 1200 AGL TO 4000 FT
MSL SHALL BROADCAST POSITION AND INTENTIONS ON
FREQ 123.4 INSTEAD OF 121.2
1811282057 TIL 1902282359",
                "title": "182724 CZUL MONTREAL FIR",
              },
              Object {
                "notam": "CZUL V360 FM YWK VOR TO UAC NDB MEA TO READ 9500 FT MSL INSTEAD
OF 8500 FT MSL 1811292347 TIL 1902282300",
                "title": "182733 CZUL MONTREAL FIR",
              },
              Object {
                "notam": "CZUL J583 BTN YWK AND YDP NOT SUITABLE FOR VOR NAV 1812031940 TIL
   APRX 1903031940",
                "title": "182750 CZUL MONTREAL FIR",
              },
              Object {
                "notam": "CZUL J563 BTN YBC AND UAC NOT SUITABLE FOR VOR NAV 1812031940 TIL
   APRX 1903031940",
                "title": "182751 CZUL MONTREAL FIR",
              },
              Object {
                "notam": "CZUL V372 BTN YVO AND TAGET NOT SUITABLE FOR VOR NAV 1812031940
   TIL APRX 1903031940",
                "title": "182752 CZUL MONTREAL FIR",
              },
              Object {
                "notam": "CZUL J479 BTN YVP AND YFM NOT SUITABLE FOR VOR NAV 1812031940 TIL
   APRX 1903031940",
                "title": "182753 CZUL MONTREAL FIR",
              },
              Object {
                "notam": "CZUL V300 BTN YOW AND VIE NOT SUITABLE FOR VOR NAV 1812031945 TIL
   APRX 1903031945",
                "title": "182754 CZUL MONTREAL FIR",
              },
              Object {
                "notam": "CZUL V316-V360 BTN YBC AND YZV NOT SUITABLE FOR VOR NAV
1812031945 TIL APRX 1903031945",
                "title": "182755 CZUL MONTREAL FIR",
              },
              Object {
                "notam": "CZUL J553 BTN YMX AND PN NOT SUITABLE FOR VOR NAV 1812031945 TIL
   APRX 1903031945",
                "title": "182756 CZUL MONTREAL FIR",
              },
              Object {
                "notam": "CZUL LGT OBST U/S TOWER 521130N 760428W (APRX 30 NM NNE CYHH AD)
476 FT AGL 2203 MSL 1812062130 TIL 1902251700",
                "title": "182768 CZUL MONTREAL FIR",
              },
              Object {
                "notam": "CZUL GR7: BTN YZG AND YKG: MEA TO READ: 4000 1812121945 TIL APRX
   1903081800",
                "title": "182793 CZUL MONTREAL FIR",
              },
              Object {
                "notam": "CZUL J553 BTN DICEN AND ML NOT SUITABLE FOR VOR NAVIGATION
1812211935 TIL APRX 1903211900",
                "title": "182805 CZUL MONTREAL FIR",
              },
              Object {
                "notam": "CZUL V314 BTN YQB AND YLQ NOT SUITABLE FOR VOR NAV 1901031430 TIL
   APRX 1904031500",
                "title": "190005 CZUL MONTREAL FIR",
              },
              Object {
                "notam": "CZUL PURSUANT TO SECTION 5.1 OF THE AERONAUTICS ACT, THE AIRSPACE
WITHIN RADIUS 0.25 NM CENTRE 482748N 682955W (RIMOUSKI PRISON,
APRX 1 NM SSW CYXK AD) SFC TO 500 FT MSL, IS RESTRICTED. NO
PERSON SHALL OPR AN ACFT, INCLUDING AN UNMANNED AIR VEHICLE
(UAV-DRONE) AND MODEL ACFT, WITHIN THE AREA DESCRIBED UNLESS AUTH
BY THE SECURITY DIRECTOR, CORRECTIONAL SVC AT 514-864-8010
EXTENSION 50502 EXC IFR ACFT AUTH BY ATC, MEDEVAC AND STATE ACFT.
1901031500 TIL APRX 1904092000",
                "title": "190006 CZUL MONTREAL FIR",
              },
              Object {
                "notam": "CZUL V3 BTN YQB AND LABRE NOT SUITABLE FOR VOR NAV 1901031500 TIL
   APRX 1904031500",
                "title": "190007 CZUL MONTREAL FIR",
              },
              Object {
                "notam": "CZUL PURSUANT TO SECTION 5.1 OF THE AERONAUTICS ACT,
THE AIRSPACE WITHIN RADIUS 0.75 NM CENTRE 491312N 680859W
(BAIE-COMEAU PRISON, APRX 6 NM NE CYBC AD) SFC TO 1100 FT MSL, IS
RESTRICTED. NO PERSON SHALL OPR AN ACFT, INCLUDING AN UNMANNED
AIR VEHICLE (UAV-DRONE) AND MODEL ACFT, WITHIN THE AREA
DESCRIBED UNLESS AUTH BY THE SECURITY DIRECTOR, CORRECTIONAL SVC
AT 514-864-8010 EXTENSION 50502 EXC IFR ACFT AUTH BY ATC, MEDEVAC
AND STATE ACFT.
1901031515 TIL APRX 1904092000",
                "title": "190008 CZUL MONTREAL FIR",
              },
              Object {
                "notam": "CZUL PURSUANT TO SECTION 5.1 OF THE AERONAUTICS ACT, THE AIRSPACE
WITHIN RADIUS 1 NM CENTRE 460149N 730440W (NEW SOREL PRISON, APRX
3 NM NNW SOREL AD), SFC TO 1000 FT MSL, IS RESTRICTED. NO
PERSON SHALL OPR AN ACFT INCLUDING AN UNMANNED AIR
VEHICLE(UAV-DRONE) AND MODEL ACFT, WITHIN THE AREA DESCRIBED
UNLESS AUTH BY THE SECURITY DIRECTOR, CORRECTIONAL SVC AT
514-864-8010 EXT 50502, EXC IFR ACFT AUTH BY ATC, MEDEVAC AND
STATE ACFT.
1901031515 TIL APRX 1904092000",
                "title": "190009 CZUL MONTREAL FIR",
              },
              Object {
                "notam": "CZUL PURSUANT TO SECTION 5.1 OF THE AERONAUTICS ACT,
THE AIRSPACE WITHIN RADIUS 1 NM CENTRE 453937N 733211W
(RIVIERE-DES-PRAIRIES PRISON, APRX 2 NM NE MONTREAL EAST(AIM)
(HELI) AD), EXC THE PORTION OVER THE RIVER, SFC TO 1100 FT MSL,
IS RESTRICTED. NO PERSON SHALL OPR AN ACFT, INCLUDING AN UNMANNED
AIR VEHICLE (UAV-DRONE) AND MODEL ACFT, WITHIN THE AREA DESCRIBED
UNLESS AUTH BY THE SECURITY DIRECTOR, CORRECTIONAL SVC AT
514-864-8010 EXT 50502, EXC IFR ACFT AUTH BY ATC,
MEDEVAC AND STATE ACFT.
1901031520 TIL APRX 1904092000",
                "title": "190010 CZUL MONTREAL FIR",
              },
              Object {
                "notam": "CZUL PURSUANT TO SECTION 5.1 OF THE AERONAUTICS ACT, THE AIRSPACE
WITHIN RADIUS 0.5 NM CENTRE 483506N 780814W (NEW AMOS PRISON,
APRX 5 NM E CYEY AND APRX 5 NM N CSC6) SFC TO 2000 FT MSL, IS
RESTRICTED. NO PERSON SHALL OPR AN ACFT, INCLUDING AN UNMANNED
AIR VEHICLE (UAV-DRONE) AND MODEL ACFT, WITHIN THE AREA DESCRIBED
UNLESS AUTH BY THE SECURITY DIRECTOR, CORRECTIONAL SVC AT
514-864-8010 EXTENSION 50502 EXC IFR ACFT AUTH BY ATC, MEDEVAC
AND STATE ACFT.
1901031550 TIL APRX 1904092000",
                "title": "190011 CZUL MONTREAL FIR",
              },
              Object {
                "notam": "CZUL PURSUANT TO SECTION 5.1 OF THE AERONAUTICS ACT, THE AIRSPACE
WITHIN RADIUS 0.25 NM CENTRE 452541N 754458W (HULL PRISON, APRX
1.5 NM SW OTTAWA/GATINEAU(CASINO)(HELI)AD) SFC TO 1200 FT MSL, IS
RESTRICTED. NO PERSON SHALL OPR AN ACFT, INCLUDING AN UNMANNED
AIR VEHICLE (UAV-DRONE) AND MODEL ACFT, WITHIN THE AREA
DESCRIBED UNLESS AUTH BY THE SECURITY DIRECTOR, CORRECTIONAL
SVC AT 514-864-8010 EXT 50502 EXC IFR ACFT AUTH BY ATC, MEDEVAC
AND STATE ACFT.
1901031550 TIL APRX 1904092000",
                "title": "190012 CZUL MONTREAL FIR",
              },
              Object {
                "notam": "CZUL PURSUANT TO SECTION 5.1 OF THE AERONAUTICS ACT,
THE AIRSPACE WITHIN RADIUS 0.25 NM CENTRE 462200N 723734W
(TROIS-RIVIERES PRISON, APRX 2 NM E CYRQ AD) SFC TO 500 FT MSL,
IS RESTRICTED. NO PERSON SHALL OPR AN ACFT, INCLUDING AN UNMANNED
AIR VEHICLE (UAV-DRONE) AND MODEL ACFT, WITHIN THE AREA DESCRIBED
UNLESS AUTH BY THE SECURITY DIRECTOR, CORRECTIONAL SVC AT
514-864-8010 EXT 50502, EXC IFR ACFT AUTH BY ATC, MEDEVAC AND
STATE ACFT.
1901031552 TIL APRX 1904092000",
                "title": "190013 CZUL MONTREAL FIR",
              },
              Object {
                "notam": "CZUL PURSUANT TO SECTION 5.1 OF THE AERONAUTICS ACT, THE AIRSPACE
WITHIN RADIUS 1 NM CENTRE 465315N 711858W (ORSAINVILLE PRISON,
APRX 7 NM NE QUEBEC/JEAN LESAGE INTL AD), SFC TO 1200 FT MSL, IS
RESTRICTED. NO PERSON SHALL OPR AN ACFT, INCLUDING AN UNMANNED
AIR VEHICLE (UAV-DRONE) AND MODEL ACFT, WITHIN THE AREA DESCRIBED
UNLESS AUTH BY THE SECURITY DIRECTOR, CORRECTIONAL SVC AT
514-864-8010 EXT 50502, EXC IFR ACFT AUTH BY ATC, MEDEVAC AND
STATE ACFT.
1901031552 TIL APRX 1904092000",
                "title": "190014 CZUL MONTREAL FIR",
              },
              Object {
                "notam": "CZUL PURSUANT TO SECTION 5.1 OF THE AERONAUTICS ACT, THE AIRSPACE
WITHIN RADIUS 1 NM CENTRE 452318N 715241W (SHERBROOKE PRISON,
APRX 4 NM SSW SHERBROOKE(CHUS)/FRANCOIS DESOURDY(HELI)AD), SFC TO
1500 FT MSL, IS RESTRICTED. NO PERSON SHALL OPR AN ACFT,
INCLUDING AN UNMANNED AIR VEHICLE (UAV-DRONE) AND MODEL ACFT,
WITHIN THE AREA DESCRIBED UNLESS AUTH BY THE SECURITY DIRECTOR,
CORRECTIONAL SVC AT 514-864-8010 EXTENSION 50502 EXC IFR ACFT
AUTH BY ATC, MEDEVAC AND STATE ACFT.
1901031554 TIL APRX 1904092000",
                "title": "190015 CZUL MONTREAL FIR",
              },
              Object {
                "notam": "CZUL PURSUANT TO SECTION 5.1 OF THE AERONAUTICS ACT, THE AIRSPACE
WITHIN RADIUS 0.5 NM CENTRE 454810N 740103W (SAINT- JEROME
PRISON, APRX 2 NM NNE ST-JEROME(HYDRO-QUEBEC)(HELI) AD AND APRX 2
NM ENE ST-JEROME AD), SFC TO 1400 FT MSL, IS RESTRICTED. NO
PERSON SHALL OPR AN ACFT, INCLUDING AN UNMANNED AIR VEHICLE
(UAV-DRONE) AND MODEL ACFT, WITHIN THE AREA DESCRIBED UNLESS AUTH
BY THE SECURITY DIRECTOR, CORRECTIONAL SVC AT 514-864-8010
EXTENSION 50502 EXC IFR ACFT AUTH BY ATC, MEDEVAC AND STATE ACFT.
1901031555 TIL APRX 1904092000",
                "title": "190016 CZUL MONTREAL FIR",
              },
              Object {
                "notam": "CZUL OBST LGT U/S TOWER 483918N 745629W (APRX 38 NM NW CTP3) 92
FT AGL 1024 MSL 1901080600 TIL 1904082100",
                "title": "190029 CZUL MONTREAL FIR",
              },
              Object {
                "notam": "CZUL OBST LGT U/S TOWER 491300N 651042W (APRX 38 NM NNW CYGP)
300 FT AGL 1362 MSL
1901192212 TIL 1904192100",
                "title": "190060 CZUL MONTREAL FIR",
              },
              Object {
                "notam": "CYR- 665 BAGOTVILLE ACT ABV FL310 TO UNL
JAN 28        1700-0200
JAN 29-FEB 01 1400-2300
1901281700 TIL 1902012300",
                "title": "190084 CZUL MONTREAL FIR",
              },
              Object {
                "notam": "CYR- 666 BAGOTVILLE ACT ABV FL310 TO UNL
JAN 28        1700-0200
JAN 29-FEB 01 1400-2300
1901281700 TIL 1902012300",
                "title": "190085 CZUL MONTREAL FIR",
              },
              Object {
                "notam": "CYR- 606 LAC SAINT PIERRE ACT SFC TO 8000 FT MSL
1902060100 TIL 1902060300",
                "title": "190086 CZUL MONTREAL FIR",
              },
              Object {
                "notam": "CZUL OBST LGT U/S TOWER 494309N 671530W (APRX 46 NM NNW CYSZ)
262 FT AGL 1476 MSL
1901310056 TIL 1902280020",
                "title": "190102 CZUL MONTREAL FIR",
              },
              Object {
                "notam": "CZUL FIREWORKS ACT RADIUS 0.1 NM CENTRE 452911N 705354W
(APRX 33 NM E CYSC) SFC TO 1000 FT AGL
1902030030 TIL 1902030040",
                "title": "190105 CZUL MONTREAL FIR",
              },
              Object {
                "notam": "CZUL DUE REDUCED SYSTEM CAPACITY AND ANTICIPATED DEMANDS, IFR
TRAINING FLT NOT AUTH AND VFR FLT MAY ANTICIPATE RESTRICTIONS
AND/OR BE DENIED ACCESS TO MONTREAL TML AIRSPACE.
INFO CTC 514-633-3365
1902012000 TIL 1902020200",
                "title": "190106 CZUL MONTREAL FIR",
              },
            ],
          },
          "national": Array [
            Object {
              "notam": "CYHQ AMEND PUB: WESTBOUND ROUTES NON COMMON PORTION:
LANDING DETROIT: ROUTES TO READ:
VIA ALLEX, BRADD, EBONY AND TUSKY: GONZZ DONEO TPGUN (RNAV)-STAR
VIA KANNI AND WHALE: CAM Q822 GONZZ DONEO TPGUN (RNAV)-STAR
VIA MIILS, QUBIS, TAFFY AND TOPPS:
VILRO Q806 BOBTA TPGUN (RNAV)-STAR
VIA ROUND AND VANSI: YVO BOBTA TPGUN (RNAV)-STAR
VIA SAILE AND VITOL:
ACK J62 RBV J230 SAAME BRNAN Q42 PSYKO KOZAR BONZZ (RNAV)-STAR
VIA YBC: VBS KENLU BOBTA TPGUN (RNAV)-STAR
VIA MT AND YRI: BOBTA TPGUN (RNAV)-STAR",
              "title": "180011 CYHQ NATIONAL",
            },
          ],
        },
      }
    }
  />,
  Symbol(enzyme.__renderer__): Object {
    "batchedUpdates": [Function],
    "checkPropTypes": [Function],
    "getNode": [Function],
    "render": [Function],
    "simulateError": [Function],
    "simulateEvent": [Function],
    "unmount": [Function],
  },
  Symbol(enzyme.__node__): Object {
    "instance": null,
    "key": undefined,
    "nodeType": "host",
    "props": Object {
      "children": <div
        className="user-content margin-6225"
      >
        <div
          className="lds-ring"
        >
          <div />
          <div />
          <div />
          <div />
        </div>
      </div>,
      "className": "content",
    },
    "ref": null,
    "rendered": Object {
      "instance": null,
      "key": undefined,
      "nodeType": "host",
      "props": Object {
        "children": <div
          className="lds-ring"
        >
          <div />
          <div />
          <div />
          <div />
        </div>,
        "className": "user-content margin-6225",
      },
      "ref": null,
      "rendered": Object {
        "instance": null,
        "key": undefined,
        "nodeType": "host",
        "props": Object {
          "children": Array [
            <div />,
            <div />,
            <div />,
            <div />,
          ],
          "className": "lds-ring",
        },
        "ref": null,
        "rendered": Array [
          Object {
            "instance": null,
            "key": undefined,
            "nodeType": "host",
            "props": Object {},
            "ref": null,
            "rendered": null,
            "type": "div",
          },
          Object {
            "instance": null,
            "key": undefined,
            "nodeType": "host",
            "props": Object {},
            "ref": null,
            "rendered": null,
            "type": "div",
          },
          Object {
            "instance": null,
            "key": undefined,
            "nodeType": "host",
            "props": Object {},
            "ref": null,
            "rendered": null,
            "type": "div",
          },
          Object {
            "instance": null,
            "key": undefined,
            "nodeType": "host",
            "props": Object {},
            "ref": null,
            "rendered": null,
            "type": "div",
          },
        ],
        "type": "div",
      },
      "type": "div",
    },
    "type": "div",
  },
  Symbol(enzyme.__nodes__): Array [
    Object {
      "instance": null,
      "key": undefined,
      "nodeType": "host",
      "props": Object {
        "children": <div
          className="user-content margin-6225"
        >
          <div
            className="lds-ring"
          >
            <div />
            <div />
            <div />
            <div />
          </div>
        </div>,
        "className": "content",
      },
      "ref": null,
      "rendered": Object {
        "instance": null,
        "key": undefined,
        "nodeType": "host",
        "props": Object {
          "children": <div
            className="lds-ring"
          >
            <div />
            <div />
            <div />
            <div />
          </div>,
          "className": "user-content margin-6225",
        },
        "ref": null,
        "rendered": Object {
          "instance": null,
          "key": undefined,
          "nodeType": "host",
          "props": Object {
            "children": Array [
              <div />,
              <div />,
              <div />,
              <div />,
            ],
            "className": "lds-ring",
          },
          "ref": null,
          "rendered": Array [
            Object {
              "instance": null,
              "key": undefined,
              "nodeType": "host",
              "props": Object {},
              "ref": null,
              "rendered": null,
              "type": "div",
            },
            Object {
              "instance": null,
              "key": undefined,
              "nodeType": "host",
              "props": Object {},
              "ref": null,
              "rendered": null,
              "type": "div",
            },
            Object {
              "instance": null,
              "key": undefined,
              "nodeType": "host",
              "props": Object {},
              "ref": null,
              "rendered": null,
              "type": "div",
            },
            Object {
              "instance": null,
              "key": undefined,
              "nodeType": "host",
              "props": Object {},
              "ref": null,
              "rendered": null,
              "type": "div",
            },
          ],
          "type": "div",
        },
        "type": "div",
      },
      "type": "div",
    },
  ],
  Symbol(enzyme.__options__): Object {
    "adapter": ReactSixteenAdapter {
      "options": Object {
        "enableComponentDidUpdateOnSetState": true,
        "legacyContextMode": "parent",
        "lifecycles": Object {
          "componentDidUpdate": Object {
            "onSetState": true,
          },
          "getChildContext": Object {
            "calledByRenderer": false,
          },
          "getDerivedStateFromProps": true,
          "getSnapshotBeforeUpdate": true,
          "setState": Object {
            "skipsComponentDidUpdateOnNullish": true,
          },
        },
      },
    },
  },
}
`;
