// Jest Snapshot v1, https://goo.gl/fbAQLP

exports[`searchbox data entry changes state 1`] = `ShallowWrapper {}`;

exports[`searchbox data submit 1`] = `ShallowWrapper {}`;

exports[`searchbox renders properly 1`] = `ShallowWrapper {}`;

exports[`searchbutton report refresh 1`] = `ShallowWrapper {}`;
