// Jest Snapshot v1, https://goo.gl/fbAQLP

exports[`stationNav renders properly 1`] = `
<div
  id="navbar"
>
  <div
    class="navbar-content"
  >
    <div
      class="station"
    >
      CYMX
    </div>
    <div
      class="station"
    >
      EGPK
    </div>
  </div>
</div>
`;

exports[`stationNav renders properly 2`] = `
<div
  id="navbar"
/>
`;
